Component: ARM Compiler 5.06 update 6 (build 750) Tool: armlink [4d35ed]

==============================================================================

Section Cross References

    main.o(i.main) refers to glcd_spi_lpc1700.o(i.GLCD_Init) for GLCD_Init
    main.o(i.main) refers to led.o(i.LED_Init) for LED_Init
    main.o(i.main) refers to led.o(i.LED_Off) for LED_Off
    main.o(i.main) refers to glcd_spi_lpc1700.o(i.GLCD_Clear) for GLCD_Clear
    main.o(i.main) refers to kbd.o(i.KBD_Init) for KBD_Init
    main.o(i.main) refers to rt_cmsis.o(i.osKernelInitialize) for osKernelInitialize
    main.o(i.main) refers to thread.o(i.Init_Thread) for Init_Thread
    main.o(i.main) refers to rt_cmsis.o(i.osKernelStart) for osKernelStart
    main.o(i.main) refers to rt_cmsis.o(i.osDelay) for osDelay
    thread.o(i.Init_Thread) refers to rt_cmsis.o(i.osThreadCreate) for osThreadCreate
    thread.o(i.Init_Thread) refers to rt_cmsis.o(i.osTimerCreate) for osTimerCreate
    thread.o(i.Init_Thread) refers to rt_cmsis.o(i.osTimerStart) for osTimerStart
    thread.o(i.Init_Thread) refers to thread.o(.constdata) for os_thread_def_menu
    thread.o(i.Init_Thread) refers to thread.o(.data) for menu_tid
    thread.o(i.callback) refers to kbd.o(i.get_button) for get_button
    thread.o(i.callback) refers to thread.o(.data) for dir
    thread.o(i.menu) refers to glcd_spi_lpc1700.o(i.GLCD_SetBackColor) for GLCD_SetBackColor
    thread.o(i.menu) refers to glcd_spi_lpc1700.o(i.GLCD_SetTextColor) for GLCD_SetTextColor
    thread.o(i.menu) refers to glcd_spi_lpc1700.o(i.GLCD_DisplayString) for GLCD_DisplayString
    thread.o(i.menu) refers to glcd_spi_lpc1700.o(i.GLCD_Clear) for GLCD_Clear
    thread.o(i.menu) refers to rt_cmsis.o(i.osSignalSet) for osSignalSet
    thread.o(i.menu) refers to rt_cmsis.o(i.osSignalWait) for osSignalWait
    thread.o(i.menu) refers to thread.o(.data) for dir
    thread.o(i.minesweeper) refers to rt_cmsis.o(i.osSignalWait) for osSignalWait
    thread.o(i.minesweeper) refers to minesweeper3.o(i.play) for play
    thread.o(i.minesweeper) refers to glcd_spi_lpc1700.o(i.GLCD_Clear) for GLCD_Clear
    thread.o(i.minesweeper) refers to rt_cmsis.o(i.osSignalSet) for osSignalSet
    thread.o(i.minesweeper) refers to thread.o(.data) for menu_tid
    thread.o(i.mp3) refers to rt_cmsis.o(i.osSignalWait) for osSignalWait
    thread.o(i.mp3) refers to glcd_spi_lpc1700.o(i.GLCD_SetBackColor) for GLCD_SetBackColor
    thread.o(i.mp3) refers to glcd_spi_lpc1700.o(i.GLCD_SetTextColor) for GLCD_SetTextColor
    thread.o(i.mp3) refers to glcd_spi_lpc1700.o(i.GLCD_DisplayString) for GLCD_DisplayString
    thread.o(i.mp3) refers to usbdmain.o(i.usbd_main) for usbd_main
    thread.o(i.photoGallery) refers to rt_cmsis.o(i.osSignalWait) for osSignalWait
    thread.o(i.photoGallery) refers to glcd_spi_lpc1700.o(i.GLCD_DisplayString) for GLCD_DisplayString
    thread.o(i.photoGallery) refers to glcd_spi_lpc1700.o(i.GLCD_Clear) for GLCD_Clear
    thread.o(i.photoGallery) refers to rt_cmsis.o(i.osSignalSet) for osSignalSet
    thread.o(i.photoGallery) refers to glcd_spi_lpc1700.o(i.GLCD_Bitmap) for GLCD_Bitmap
    thread.o(i.photoGallery) refers to thread.o(.data) for dir
    thread.o(i.photoGallery) refers to thread.o(.constdata) for CORGI_pixel_data
    thread.o(.constdata) refers to thread.o(i.callback) for callback
    thread.o(.constdata) refers to thread.o(.bss) for os_timer_cb_InputTimer_Handle
    thread.o(.constdata) refers to thread.o(i.menu) for menu
    thread.o(.constdata) refers to thread.o(i.photoGallery) for photoGallery
    thread.o(.constdata) refers to thread.o(i.mp3) for mp3
    thread.o(.constdata) refers to thread.o(i.minesweeper) for minesweeper
    glcd_spi_lpc1700.o(i.GLCD_Bargraph) refers to glcd_spi_lpc1700.o(i.GLCD_SetWindow) for GLCD_SetWindow
    glcd_spi_lpc1700.o(i.GLCD_Bargraph) refers to glcd_spi_lpc1700.o(i.wr_cmd) for wr_cmd
    glcd_spi_lpc1700.o(i.GLCD_Bargraph) refers to glcd_spi_lpc1700.o(i.wr_dat_start) for wr_dat_start
    glcd_spi_lpc1700.o(i.GLCD_Bargraph) refers to glcd_spi_lpc1700.o(i.wr_dat_only) for wr_dat_only
    glcd_spi_lpc1700.o(i.GLCD_Bargraph) refers to glcd_spi_lpc1700.o(i.wr_dat_stop) for wr_dat_stop
    glcd_spi_lpc1700.o(i.GLCD_Bargraph) refers to glcd_spi_lpc1700.o(.data) for Color
    glcd_spi_lpc1700.o(i.GLCD_Bitmap) refers to glcd_spi_lpc1700.o(i.GLCD_SetWindow) for GLCD_SetWindow
    glcd_spi_lpc1700.o(i.GLCD_Bitmap) refers to glcd_spi_lpc1700.o(i.wr_cmd) for wr_cmd
    glcd_spi_lpc1700.o(i.GLCD_Bitmap) refers to glcd_spi_lpc1700.o(i.wr_dat_start) for wr_dat_start
    glcd_spi_lpc1700.o(i.GLCD_Bitmap) refers to glcd_spi_lpc1700.o(i.wr_dat_only) for wr_dat_only
    glcd_spi_lpc1700.o(i.GLCD_Bitmap) refers to glcd_spi_lpc1700.o(i.wr_dat_stop) for wr_dat_stop
    glcd_spi_lpc1700.o(i.GLCD_Clear) refers to glcd_spi_lpc1700.o(i.GLCD_WindowMax) for GLCD_WindowMax
    glcd_spi_lpc1700.o(i.GLCD_Clear) refers to glcd_spi_lpc1700.o(i.wr_cmd) for wr_cmd
[...]
    i.rt_mbx_psh                             0x00003a54   Section        0  rt_mailbox.o(i.rt_mbx_psh)
    i.rt_mbx_wait                            0x00003b44   Section        0  rt_mailbox.o(i.rt_mbx_wait)
    i.rt_ms2tick                             0x00003bf8   Section        0  rt_cmsis.o(i.rt_ms2tick)
    rt_ms2tick                               0x00003bf9   Thumb Code    58  rt_cmsis.o(i.rt_ms2tick)
    i.rt_mut_release                         0x00003c3c   Section        0  rt_mutex.o(i.rt_mut_release)
    i.rt_mut_wait                            0x00003d14   Section        0  rt_mutex.o(i.rt_mut_wait)
    i.rt_pop_req                             0x00003d8c   Section        0  rt_system.o(i.rt_pop_req)
    i.rt_psh_req                             0x00003e08   Section        0  rt_system.o(i.rt_psh_req)
    i.rt_psq_enq                             0x00003e28   Section        0  rt_list.o(i.rt_psq_enq)
    i.rt_put_dly                             0x00003e84   Section        0  rt_list.o(i.rt_put_dly)
    i.rt_put_prio                            0x00003ecc   Section        0  rt_list.o(i.rt_put_prio)
    i.rt_put_rdy_first                       0x00003f04   Section        0  rt_list.o(i.rt_put_rdy_first)
    i.rt_resort_prio                         0x00003f18   Section        0  rt_list.o(i.rt_resort_prio)
    i.rt_ret_val                             0x00003f4c   Section        0  hal_cm.o(i.rt_ret_val)
    i.rt_ret_val2                            0x00003f52   Section        0  hal_cm.o(i.rt_ret_val2)
    i.rt_rmv_dly                             0x00003f5a   Section        0  rt_list.o(i.rt_rmv_dly)
    i.rt_rmv_list                            0x00003f84   Section        0  rt_list.o(i.rt_rmv_list)
    i.rt_sem_psh                             0x00003fb4   Section        0  rt_semaphore.o(i.rt_sem_psh)
    i.rt_stk_check                           0x00003fe8   Section        0  rt_system.o(i.rt_stk_check)
    i.rt_switch_req                          0x0000400c   Section        0  rt_task.o(i.rt_switch_req)
    i.rt_sys_init                            0x00004034   Section        0  rt_task.o(i.rt_sys_init)
    i.rt_sys_start                           0x00004100   Section        0  rt_task.o(i.rt_sys_start)
    i.rt_systick                             0x00004178   Section        0  rt_system.o(i.rt_systick)
    i.rt_tid2ptcb                            0x000041b8   Section        0  rt_cmsis.o(i.rt_tid2ptcb)
    rt_tid2ptcb                              0x000041b9   Thumb Code    18  rt_cmsis.o(i.rt_tid2ptcb)
    i.rt_timer_insert                        0x000041cc   Section        0  rt_cmsis.o(i.rt_timer_insert)
    rt_timer_insert                          0x000041cd   Thumb Code    48  rt_cmsis.o(i.rt_timer_insert)
    i.rt_timer_remove                        0x00004200   Section        0  rt_cmsis.o(i.rt_timer_remove)
    rt_timer_remove                          0x00004201   Thumb Code    56  rt_cmsis.o(i.rt_timer_remove)
    i.rt_tsk_create                          0x0000423c   Section        0  rt_task.o(i.rt_tsk_create)
    i.rt_tsk_delete                          0x000042c4   Section        0  rt_task.o(i.rt_tsk_delete)
    i.rt_tsk_prio                            0x00004440   Section        0  rt_task.o(i.rt_tsk_prio)
    i.rt_tsk_self                            0x000044bc   Section        0  rt_task.o(i.rt_tsk_self)
    i.spi_tran                               0x000044cc   Section        0  glcd_spi_lpc1700.o(i.spi_tran)
    spi_tran                                 0x000044cd   Thumb Code    28  glcd_spi_lpc1700.o(i.spi_tran)
    i.spi_tran_man                           0x000044ec   Section        0  glcd_spi_lpc1700.o(i.spi_tran_man)
    spi_tran_man                             0x000044ed   Thumb Code   124  glcd_spi_lpc1700.o(i.spi_tran_man)
    i.svcDelay                               0x0000456c   Section        0  rt_cmsis.o(i.svcDelay)
    i.svcKernelInitialize                    0x00004580   Section        0  rt_cmsis.o(i.svcKernelInitialize)
    i.svcKernelStart                         0x000045f0   Section        0  rt_cmsis.o(i.svcKernelStart)
    i.svcMessageCreate                       0x00004638   Section        0  rt_cmsis.o(i.svcMessageCreate)
    i.svcMessageGet                          0x0000465c   Section        0  rt_cmsis.o(i.svcMessageGet)
    i.svcSignalSet                           0x00004696   Section        0  rt_cmsis.o(i.svcSignalSet)
    i.svcSignalWait                          0x000046bc   Section        0  rt_cmsis.o(i.svcSignalWait)
    i.svcThreadCreate                        0x00004710   Section        0  rt_cmsis.o(i.svcThreadCreate)
    i.svcThreadGetId                         0x0000477c   Section        0  rt_cmsis.o(i.svcThreadGetId)
    i.svcThreadTerminate                     0x00004798   Section        0  rt_cmsis.o(i.svcThreadTerminate)
    i.svcTimerCall                           0x000047d0   Section        0  rt_cmsis.o(i.svcTimerCall)
    i.svcTimerCreate                         0x000047e8   Section        0  rt_cmsis.o(i.svcTimerCreate)
    i.svcTimerStart                          0x00004820   Section        0  rt_cmsis.o(i.svcTimerStart)
    i.sysTimerTick                           0x00004884   Section        0  rt_cmsis.o(i.sysTimerTick)
    i.usbd_main                              0x000048e0   Section        0  usbdmain.o(i.usbd_main)
    i.wr_cmd                                 0x000049c4   Section        0  glcd_spi_lpc1700.o(i.wr_cmd)
    wr_cmd                                   0x000049c5   Thumb Code    36  glcd_spi_lpc1700.o(i.wr_cmd)
    i.wr_dat                                 0x000049ec   Section        0  glcd_spi_lpc1700.o(i.wr_dat)
    wr_dat                                   0x000049ed   Thumb Code    36  glcd_spi_lpc1700.o(i.wr_dat)
    i.wr_dat_only                            0x00004a14   Section        0  glcd_spi_lpc1700.o(i.wr_dat_only)
    wr_dat_only                              0x00004a15   Thumb Code    18  glcd_spi_lpc1700.o(i.wr_dat_only)
    i.wr_dat_start                           0x00004a28   Section        0  glcd_spi_lpc1700.o(i.wr_dat_start)
    wr_dat_start                             0x00004a29   Thumb Code    16  glcd_spi_lpc1700.o(i.wr_dat_start)
    i.wr_dat_stop                            0x00004a3c   Section        0  glcd_spi_lpc1700.o(i.wr_dat_stop)
    wr_dat_stop                              0x00004a3d   Thumb Code     8  glcd_spi_lpc1700.o(i.wr_dat_stop)
    i.wr_reg                                 0x00004a48   Section        0  glcd_spi_lpc1700.o(i.wr_reg)
    wr_reg                                   0x00004a49   Thumb Code    20  glcd_spi_lpc1700.o(i.wr_reg)
    .constdata                               0x00004a5c   Section    370876  thread.o(.constdata)
    CORGI_pixel_data                         0x00004a5c   Data       123601  thread.o(.constdata)
    BFFR_pixel_data                          0x00022d2d   Data       123601  thread.o(.constdata)
    GLASS_pixel_data                         0x00040ffe   Data       123601  thread.o(.constdata)
    .constdata                               0x0005f318   Section     6272  glcd_spi_lpc1700.o(.constdata)
    .constdata                               0x00060b98   Section      228  usbdesc.o(.constdata)
    .constdata                               0x00060c7c   Section       16  usbhw.o(.constdata)
    .constdata                               0x00060c8c   Section       64  usbuser.o(.constdata)
    .constdata                               0x00060ccc   Section       32  led.o(.constdata)
    .constdata                               0x00060cec   Section      104  rtx_conf_cm.o(.constdata)
    __tagsym$$used                           0x00060d08   Number         0  rtx_conf_cm.o(.constdata)
    __tagsym$$used                           0x00060d0c   Number         0  rtx_conf_cm.o(.constdata)
    __tagsym$$used                           0x00060d10   Number         0  rtx_conf_cm.o(.constdata)
    __tagsym$$used                           0x00060d14   Number         0  rtx_conf_cm.o(.constdata)
    .bss                                     0x10000000   Section     4416  rtx_conf_cm.o(.bss)
    std_libspace                             0x10000e20   Data         672  rtx_conf_cm.o(.bss)
    std_libmutex                             0x100010c0   Data         128  rtx_conf_cm.o(.bss)
    .data                                    0x2007c000   Section       32  thread.o(.data)
    .data                                    0x2007c020   Section        5  glcd_spi_lpc1700.o(.data)
    Color                                    0x2007c020   Data           4  glcd_spi_lpc1700.o(.data)
    Himax                                    0x2007c024   Data           1  glcd_spi_lpc1700.o(.data)
    .data                                    0x2007c026   Section        2  adcuser.o(.data)
    .data                                    0x2007c028   Section       40  usbcore.o(.data)
    .data                                    0x2007c050   Section       32  usbdmain.o(.data)
    .data                                    0x2007c070   Section        8  usbhw.o(.data)
    .data                                    0x2007c078   Section       16  minesweeper3.o(.data)
    .data                                    0x2007c088   Section        3  adc_mcb1700.o(.data)
    AD_last                                  0x2007c088   Data           2  adc_mcb1700.o(.data)
    AD_done                                  0x2007c08a   Data           1  adc_mcb1700.o(.data)
    .data                                    0x2007c08c   Section       20  rtx_conf_cm.o(.data)
    nr_mutex                                 0x2007c09c   Data           4  rtx_conf_cm.o(.data)
    .data                                    0x2007c0a0   Section        8  gpdma_lpc17xx.o(.data)
    Channel_active                           0x2007c0a0   Data           4  gpdma_lpc17xx.o(.data)
    Init_cnt                                 0x2007c0a4   Data           4  gpdma_lpc17xx.o(.data)
    .data                                    0x2007c0a8   Section        4  system_lpc17xx.o(.data)
    .data                                    0x2007c0ac   Section        8  rt_cmsis.o(.data)
    .data                                    0x2007c0b4   Section        8  rt_task.o(.data)
    .data                                    0x2007c0bc   Section        8  rt_system.o(.data)
    os_lock                                  0x2007c0bc   Data           1  rt_system.o(.data)
    os_psh_flag                              0x2007c0bd   Data           1  rt_system.o(.data)
    pend_flags                               0x2007c0be   Data           1  rt_system.o(.data)
    .data                                    0x2007c0c4   Section        4  rt_time.o(.data)
    .data                                    0x2007c0c8   Section        1  hal_cm.o(.data)
    .bss                                     0x2007c0cc   Section       24  thread.o(.bss)
    .bss                                     0x2007c0e4   Section       64  usbcore.o(.bss)
    .bss                                     0x2007c124   Section      128  usbhw.o(.bss)
    .bss                                     0x2007c1a4   Section      160  gpdma_lpc17xx.o(.bss)
    Channel_info                             0x2007c1a4   Data         160  gpdma_lpc17xx.o(.bss)
    .bss                                     0x2007c244   Section       52  rt_task.o(.bss)
    .bss                                     0x2007c278   Section       48  rt_list.o(.bss)
    .bss                                     0x2007c2a8   Section       96  libspace.o(.bss)
    HEAP                                     0x2007c308   Section        0  startup_lpc17xx.o(HEAP)
    STACK                                    0x2007c308   Section      512  startup_lpc17xx.o(STACK)
    Heap_Mem                                 0x2007c308   Data           0  startup_lpc17xx.o(HEAP)
    Stack_Mem                                0x2007c308   Data         512  startup_lpc17xx.o(STACK)
    USB_RAM                                  0x2007c508   Section      544  usbhw.o(USB_RAM)
    __initial_sp                             0x2007c508   Data           0  startup_lpc17xx.o(STACK)

    Global Symbols

    Symbol Name                              Value     Ov Type        Size  Object(Section)

    BuildAttributes$$THM_ISAv4$P$D$K$B$S$PE$A:L22UL41UL21$X:L11$S22US41US21$IEEE1$IW$USESV6$~STKCKD$USESV7$~SHL$OSPACE$ROPI$EBA8$UX$STANDARDLIB$REQ8$PRES8$EABIv2 0x00000000   Number         0  anon$$obj.o ABSOLUTE
    __ARM_use_no_argv                        0x00000000   Number         0  main.o ABSOLUTE
    __Vectors                                0x00000000   Data           4  startup_lpc17xx.o(RESET)
    __ARM_exceptions_init                     - Undefined Weak Reference
    __alloca_initialize                       - Undefined Weak Reference
    __arm_preinit_                            - Undefined Weak Reference
    __cpp_initialize__aeabi_                  - Undefined Weak Reference
    __cxa_finalize                            - Undefined Weak Reference
    __rt_locale                               - Undefined Weak Reference
    __sigvec_lookup                           - Undefined Weak Reference
    _atexit_init                              - Undefined Weak Reference
    _call_atexit_fns                          - Undefined Weak Reference
    _clock_init                               - Undefined Weak Reference
    _fp_trap_init                             - Undefined Weak Reference
    _fp_trap_shutdown                         - Undefined Weak Reference
    _get_lc_collate                           - Undefined Weak Reference
    _get_lc_ctype                             - Undefined Weak Reference
    _get_lc_monetary                          - Undefined Weak Reference
    _get_lc_numeric                           - Undefined Weak Reference
    _get_lc_time                              - Undefined Weak Reference
    _getenv_init                              - Undefined Weak Reference
    _handle_redirection                       - Undefined Weak Reference
    _init_alloc                               - Undefined Weak Reference
    _init_user_alloc                          - Undefined Weak Reference
    _initio                                   - Undefined Weak Reference
    _printf_post_padding                      - Undefined Weak Reference
    _printf_pre_padding                       - Undefined Weak Reference
    _printf_truncate_signed                   - Undefined Weak Reference
    _printf_truncate_unsigned                 - Undefined Weak Reference
    _rand_init                                - Undefined Weak Reference
    _signal_finish                            - Undefined Weak Reference
    _signal_init                              - Undefined Weak Reference
    _terminate_alloc                          - Undefined Weak Reference
    _terminate_user_alloc                     - Undefined Weak Reference
    _terminateio                              - Undefined Weak Reference
    __main                                   0x000000cd   Thumb Code     8  __main.o(!!!main)
    __scatterload                            0x000000d5   Thumb Code     0  __scatter.o(!!!scatter)
    __scatterload_rt2                        0x000000d5   Thumb Code    44  __scatter.o(!!!scatter)
    __scatterload_rt2_thumb_only             0x000000d5   Thumb Code     0  __scatter.o(!!!scatter)
    __scatterload_null                       0x000000e3   Thumb Code     0  __scatter.o(!!!scatter)
    __scatterload_copy                       0x00000109   Thumb Code    26  __scatter_copy.o(!!handler_copy)
    __scatterload_zeroinit                   0x00000125   Thumb Code    28  __scatter_zi.o(!!handler_zi)
    _printf_d                                0x00000141   Thumb Code     0  _printf_d.o(.ARM.Collect$$_printf_percent$$00000009)
    _printf_percent                          0x00000141   Thumb Code     0  _printf_percent.o(.ARM.Collect$$_printf_percent$$00000000)
    _printf_percent_end                      0x00000147   Thumb Code     0  _printf_percent_end.o(.ARM.Collect$$_printf_percent$$00000017)
    __rt_lib_init                            0x0000014b   Thumb Code     0  libinit.o(.ARM.Collect$$libinit$$00000000)
    __rt_lib_init_alloca_1                   0x0000014d   Thumb Code     0  libinit2.o(.ARM.Collect$$libinit$$0000002E)
    __rt_lib_init_argv_1                     0x0000014d   Thumb Code     0  libinit2.o(.ARM.Collect$$libinit$$0000002C)
    __rt_lib_init_atexit_1                   0x0000014d   Thumb Code     0  libinit2.o(.ARM.Collect$$libinit$$0000001B)
    __rt_lib_init_clock_1                    0x0000014d   Thumb Code     0  libinit2.o(.ARM.Collect$$libinit$$00000021)
    __rt_lib_init_cpp_1                      0x0000014d   Thumb Code     0  libinit2.o(.ARM.Collect$$libinit$$00000032)
    __rt_lib_init_exceptions_1               0x0000014d   Thumb Code     0  libinit2.o(.ARM.Collect$$libinit$$00000030)
    __rt_lib_init_fp_1                       0x0000014d   Thumb Code     0  libinit2.o(.ARM.Collect$$libinit$$00000002)
    __rt_lib_init_fp_trap_1                  0x0000014d   Thumb Code     0  libinit2.o(.ARM.Collect$$libinit$$0000001F)
    __rt_lib_init_getenv_1                   0x0000014d   Thumb Code     0  libinit2.o(.ARM.Collect$$libinit$$00000023)
    __rt_lib_init_heap_1                     0x0000014d   Thumb Code     0  libinit2.o(.ARM.Collect$$libinit$$0000000A)
    __rt_lib_init_lc_collate_1               0x0000014d   Thumb Code     0  libinit2.o(.ARM.Collect$$libinit$$00000011)
    __rt_lib_init_lc_ctype_1                 0x0000014d   Thumb Code     0  libinit2.o(.ARM.Collect$$libinit$$00000013)
    __rt_lib_init_lc_monetary_1              0x0000014d   Thumb Code     0  libinit2.o(.ARM.Collect$$libinit$$00000015)
    __rt_lib_init_lc_numeric_1               0x0000014d   Thumb Code     0  libinit2.o(.ARM.Collect$$libinit$$00000017)
    __rt_lib_init_lc_time_1                  0x0000014d   Thumb Code     0  libinit2.o(.ARM.Collect$$libinit$$00000019)
    __rt_lib_init_preinit_1                  0x0000014d   Thumb Code     0  libinit2.o(.ARM.Collect$$libinit$$00000004)
    __rt_lib_init_rand_1                     0x0000014d   Thumb Code     0  libinit2.o(.ARM.Collect$$libinit$$0000000E)
    __rt_lib_init_return                     0x0000014d   Thumb Code     0  libinit2.o(.ARM.Collect$$libinit$$00000033)
    __rt_lib_init_signal_1                   0x0000014d   Thumb Code     0  libinit2.o(.ARM.Collect$$libinit$$0000001D)
    __rt_lib_init_stdio_1                    0x0000014d   Thumb Code     0  libinit2.o(.ARM.Collect$$libinit$$00000025)
    __rt_lib_init_user_alloc_1               0x0000014d   Thumb Code     0  libinit2.o(.ARM.Collect$$libinit$$0000000C)
    __rt_lib_shutdown                        0x0000014f   Thumb Code     0  libshutdown.o(.ARM.Collect$$libshutdown$$00000000)
    __rt_lib_shutdown_cpp_1                  0x00000151   Thumb Code     0  libshutdown2.o(.ARM.Collect$$libshutdown$$00000002)
    __rt_lib_shutdown_fp_trap_1              0x00000151   Thumb Code     0  libshutdown2.o(.ARM.Collect$$libshutdown$$00000007)
    __rt_lib_shutdown_heap_1                 0x00000151   Thumb Code     0  libshutdown2.o(.ARM.Collect$$libshutdown$$0000000F)
    __rt_lib_shutdown_return                 0x00000151   Thumb Code     0  libshutdown2.o(.ARM.Collect$$libshutdown$$00000010)
    __rt_lib_shutdown_signal_1               0x00000151   Thumb Code     0  libshutdown2.o(.ARM.Collect$$libshutdown$$0000000A)
    __rt_lib_shutdown_stdio_1                0x00000151   Thumb Code     0  libshutdown2.o(.ARM.Collect$$libshutdown$$00000004)
    __rt_lib_shutdown_user_alloc_1           0x00000151   Thumb Code     0  libshutdown2.o(.ARM.Collect$$libshutdown$$0000000C)
    __rt_entry                               0x00000153   Thumb Code     0  __rtentry.o(.ARM.Collect$$rtentry$$00000000)
    __rt_entry_presh_1                       0x00000153   Thumb Code     0  __rtentry2.o(.ARM.Collect$$rtentry$$00000002)
    __rt_entry_sh                            0x00000153   Thumb Code     0  __rtentry4.o(.ARM.Collect$$rtentry$$00000004)
    __rt_entry_li                            0x00000159   Thumb Code     0  __rtentry2.o(.ARM.Collect$$rtentry$$0000000A)
    __rt_entry_postsh_1                      0x00000159   Thumb Code     0  __rtentry2.o(.ARM.Collect$$rtentry$$00000009)
    __rt_entry_postli_1                      0x0000015d   Thumb Code     0  __rtentry2.o(.ARM.Collect$$rtentry$$0000000B)
    __rt_entry_main                          0x00000165   Thumb Code     0  __rtentry2.o(.ARM.Collect$$rtentry$$0000000D)
    __rt_exit                                0x0000016d   Thumb Code     0  rtexit.o(.ARM.Collect$$rtexit$$00000000)
    __rt_exit_ls                             0x0000016f   Thumb Code     0  rtexit2.o(.ARM.Collect$$rtexit$$00000003)
    __rt_exit_prels_1                        0x0000016f   Thumb Code     0  rtexit2.o(.ARM.Collect$$rtexit$$00000002)
    __rt_exit_exit                           0x00000173   Thumb Code     0  rtexit2.o(.ARM.Collect$$rtexit$$00000004)
    _platform_post_lib_init                  0x00000179   Thumb Code    24  rtx_conf_cm.o(.emb_text)
    rt_set_PSP                               0x00000195   Thumb Code     6  hal_cm3.o(.emb_text)
    rt_get_PSP                               0x0000019b   Thumb Code     6  hal_cm3.o(.emb_text)
    os_set_env                               0x000001a1   Thumb Code    24  hal_cm3.o(.emb_text)
    _alloc_box                               0x000001bd   Thumb Code    28  hal_cm3.o(.emb_text)
    _free_box                                0x000001dd   Thumb Code    28  hal_cm3.o(.emb_text)
    SVC_Handler                              0x000001fd   Thumb Code   108  hal_cm3.o(.emb_text)
    PendSV_Handler                           0x00000275   Thumb Code    56  hal_cm3.o(.emb_text)
    SysTick_Handler                          0x000002b1   Thumb Code     8  hal_cm3.o(.emb_text)
    OS_Tick_Handler                          0x000002b9   Thumb Code    12  hal_cm3.o(.emb_text)
    __user_libspace                          0x000002c5   Thumb Code     8  libspace.o(.text)
    __user_perproc_libspace                  0x000002c5   Thumb Code     0  libspace.o(.text)
    __2sprintf                               0x000002cd   Thumb Code    34  noretval__2sprintf.o(.text)
    __use_two_region_memory                  0x000002f5   Thumb Code     2  heapauxi.o(.text)
    __rt_heap_escrow$2region                 0x000002f7   Thumb Code     2  heapauxi.o(.text)
    __rt_heap_expand$2region                 0x000002f9   Thumb Code     2  heapauxi.o(.text)
    __I$use$semihosting                      0x000002fb   Thumb Code     0  use_no_semi.o(.text)
    __use_no_semihosting_swi                 0x000002fb   Thumb Code     2  use_no_semi.o(.text)
    Reset_Handler                            0x00000301   Thumb Code     8  startup_lpc17xx.o(.text)
    NMI_Handler                              0x00000309   Thumb Code     2  startup_lpc17xx.o(.text)
    HardFault_Handler                        0x0000030b   Thumb Code     2  startup_lpc17xx.o(.text)
    MemManage_Handler                        0x0000030d   Thumb Code     2  startup_lpc17xx.o(.text)
    BusFault_Handler                         0x0000030f   Thumb Code     2  startup_lpc17xx.o(.text)
    UsageFault_Handler                       0x00000311   Thumb Code     2  startup_lpc17xx.o(.text)
    DebugMon_Handler                         0x00000315   Thumb Code     2  startup_lpc17xx.o(.text)
    BOD_IRQHandler                           0x0000031b   Thumb Code     0  startup_lpc17xx.o(.text)
    CANActivity_IRQHandler                   0x0000031b   Thumb Code     0  startup_lpc17xx.o(.text)
    CAN_IRQHandler                           0x0000031b   Thumb Code     0  startup_lpc17xx.o(.text)
    EINT0_IRQHandler                         0x0000031b   Thumb Code     0  startup_lpc17xx.o(.text)
    EINT1_IRQHandler                         0x0000031b   Thumb Code     0  startup_lpc17xx.o(.text)
    EINT2_IRQHandler                         0x0000031b   Thumb Code     0  startup_lpc17xx.o(.text)
    EINT3_IRQHandler                         0x0000031b   Thumb Code     0  startup_lpc17xx.o(.text)
    ENET_IRQHandler                          0x0000031b   Thumb Code     0  startup_lpc17xx.o(.text)
    I2C0_IRQHandler                          0x0000031b   Thumb Code     0  startup_lpc17xx.o(.text)
    I2C1_IRQHandler                          0x0000031b   Thumb Code     0  startup_lpc17xx.o(.text)
    I2C2_IRQHandler                          0x0000031b   Thumb Code     0  startup_lpc17xx.o(.text)
    I2S_IRQHandler                           0x0000031b   Thumb Code     0  startup_lpc17xx.o(.text)
    MCPWM_IRQHandler                         0x0000031b   Thumb Code     0  startup_lpc17xx.o(.text)
    PLL0_IRQHandler                          0x0000031b   Thumb Code     0  startup_lpc17xx.o(.text)
    PLL1_IRQHandler                          0x0000031b   Thumb Code     0  startup_lpc17xx.o(.text)
    PWM1_IRQHandler                          0x0000031b   Thumb Code     0  startup_lpc17xx.o(.text)
    QEI_IRQHandler                           0x0000031b   Thumb Code     0  startup_lpc17xx.o(.text)
    RIT_IRQHandler                           0x0000031b   Thumb Code     0  startup_lpc17xx.o(.text)
    RTC_IRQHandler                           0x0000031b   Thumb Code     0  startup_lpc17xx.o(.text)
    SPI_IRQHandler                           0x0000031b   Thumb Code     0  startup_lpc17xx.o(.text)
    SSP0_IRQHandler                          0x0000031b   Thumb Code     0  startup_lpc17xx.o(.text)
    SSP1_IRQHandler                          0x0000031b   Thumb Code     0  startup_lpc17xx.o(.text)
    TIMER1_IRQHandler                        0x0000031b   Thumb Code     0  startup_lpc17xx.o(.text)
    TIMER2_IRQHandler                        0x0000031b   Thumb Code     0  startup_lpc17xx.o(.text)
    TIMER3_IRQHandler                        0x0000031b   Thumb Code     0  startup_lpc17xx.o(.text)
    UART0_IRQHandler                         0x0000031b   Thumb Code     0  startup_lpc17xx.o(.text)
    UART1_IRQHandler                         0x0000031b   Thumb Code     0  startup_lpc17xx.o(.text)
    UART2_IRQHandler                         0x0000031b   Thumb Code     0  startup_lpc17xx.o(.text)
    UART3_IRQHandler                         0x0000031b   Thumb Code     0  startup_lpc17xx.o(.text)
    USBActivity_IRQHandler                   0x0000031b   Thumb Code     0  startup_lpc17xx.o(.text)
    WDT_IRQHandler                           0x0000031b   Thumb Code     0  startup_lpc17xx.o(.text)
    __user_initial_stackheap                 0x0000031d   Thumb Code     0  startup_lpc17xx.o(.text)
    __aeabi_uldivmod                         0x0000033d   Thumb Code     0  lludivv7m.o(.text)
    _ll_udiv                                 0x0000033d   Thumb Code   238  lludivv7m.o(.text)
    __printf                                 0x0000042b   Thumb Code   104  __printf.o(.text)
    __RL_RTX_VER                             0x00000482   Number         0  rt_system.o ABSOLUTE
    _printf_int_dec                          0x00000495   Thumb Code   104  _printf_dec.o(.text)
    exit                                     0x0000050d   Thumb Code    18  exit.o(.text)
    _printf_int_common                       0x0000051f   Thumb Code   178  _printf_intcommon.o(.text)
    _printf_char_common                      0x000005db   Thumb Code    32  _printf_char_common.o(.text)
    _sputc                                   0x00000601   Thumb Code    10  _sputc.o(.text)
    _sys_exit                                0x0000060d   Thumb Code     8  sys_exit.o(.text)
    __user_setup_stackheap                   0x00000619   Thumb Code    74  sys_stackheap_outer.o(.text)
    __semihosting_library_function           0x00000663   Thumb Code     0  indicate_semi.o(.text)
    SVC_Count                                0x00000664   Data           4  svc_table.o(SVC_TABLE)
    ADC_EP_GetRequest                        0x00000669   Thumb Code     4  adcuser.o(i.ADC_EP_GetRequest)
    SVC_Table                                0x00000668   Data           0  svc_table.o(SVC_TABLE)
    ADC_EP_SetRequest                        0x0000066d   Thumb Code     4  adcuser.o(i.ADC_EP_SetRequest)
    ADC_IF_GetRequest                        0x00000671   Thumb Code   128  adcuser.o(i.ADC_IF_GetRequest)
    ADC_IF_SetRequest                        0x00000701   Thumb Code    80  adcuser.o(i.ADC_IF_SetRequest)
    ADC_IRQHandler                           0x00000761   Thumb Code    28  adc_mcb1700.o(i.ADC_IRQHandler)
    DMA_IRQHandler                           0x000007a9   Thumb Code   372  gpdma_lpc17xx.o(i.DMA_IRQHandler)
    EPAdr                                    0x00000929   Thumb Code    16  usbhw.o(i.EPAdr)
    GLCD_Bitmap                              0x00000939   Thumb Code    82  glcd_spi_lpc1700.o(i.GLCD_Bitmap)
    GLCD_Clear                               0x0000098b   Thumb Code    42  glcd_spi_lpc1700.o(i.GLCD_Clear)
    GLCD_DisplayChar                         0x000009b5   Thumb Code    84  glcd_spi_lpc1700.o(i.GLCD_DisplayChar)
    GLCD_DisplayString                       0x00000a11   Thumb Code    40  glcd_spi_lpc1700.o(i.GLCD_DisplayString)
    GLCD_DrawChar                            0x00000a39   Thumb Code   150  glcd_spi_lpc1700.o(i.GLCD_DrawChar)
    GLCD_Init                                0x00000ad5   Thumb Code  1506  glcd_spi_lpc1700.o(i.GLCD_Init)
    GLCD_SetBackColor                        0x000010bd   Thumb Code     6  glcd_spi_lpc1700.o(i.GLCD_SetBackColor)
    GLCD_SetTextColor                        0x000010c9   Thumb Code     6  glcd_spi_lpc1700.o(i.GLCD_SetTextColor)
    GLCD_SetWindow                           0x000010d5   Thumb Code   168  glcd_spi_lpc1700.o(i.GLCD_SetWindow)
    GLCD_WindowMax                           0x00001181   Thumb Code    18  glcd_spi_lpc1700.o(i.GLCD_WindowMax)
    Init_Thread                              0x00001195   Thumb Code    78  thread.o(i.Init_Thread)
    KBD_Init                                 0x0000120d   Thumb Code    42  kbd.o(i.KBD_Init)
    KBD_get                                  0x00001249   Thumb Code    12  kbd.o(i.KBD_get)
    LED_Init                                 0x00001259   Thumb Code    40  led.o(i.LED_Init)
    LED_Off                                  0x00001289   Thumb Code    40  led.o(i.LED_Off)
    RdCmdDat                                 0x000012b9   Thumb Code    38  usbhw.o(i.RdCmdDat)
    SystemCoreClockUpdate                    0x000012e9   Thumb Code   408  system_lpc17xx.o(i.SystemCoreClockUpdate)
    SystemInit                               0x00001491   Thumb Code   302  system_lpc17xx.o(i.SystemInit)
    TIMER0_IRQHandler                        0x000015d1   Thumb Code   274  usbdmain.o(i.TIMER0_IRQHandler)
    USB_ClrStallEP                           0x00001719   Thumb Code    26  usbhw.o(i.USB_ClrStallEP)
    USB_ConfigEP                             0x00001739   Thumb Code    68  usbhw.o(i.USB_ConfigEP)
    USB_Configure                            0x00001785   Thumb Code    60  usbhw.o(i.USB_Configure)
    USB_Connect                              0x000017c9   Thumb Code    28  usbhw.o(i.USB_Connect)
    USB_DMA_BufAdr                           0x000017e9   Thumb Code    30  usbhw.o(i.USB_DMA_BufAdr)
    USB_DMA_Enable                           0x0000180d   Thumb Code    20  usbhw.o(i.USB_DMA_Enable)
    USB_DMA_Setup                            0x00001825   Thumb Code   248  usbhw.o(i.USB_DMA_Setup)
    USB_DataInStage                          0x00001931   Thumb Code    52  usbcore.o(i.USB_DataInStage)
    USB_DataOutStage                         0x00001969   Thumb Code    34  usbcore.o(i.USB_DataOutStage)
    USB_DirCtrlEP                            0x00001991   Thumb Code     2  usbhw.o(i.USB_DirCtrlEP)
    USB_DisableEP                            0x00001995   Thumb Code    26  usbhw.o(i.USB_DisableEP)
    USB_EnableEP                             0x000019b9   Thumb Code    26  usbhw.o(i.USB_EnableEP)
    USB_EndPoint0                            0x000019d9   Thumb Code   786  usbcore.o(i.USB_EndPoint0)
    USB_EndPoint3                            0x00001d09   Thumb Code   164  usbuser.o(i.USB_EndPoint3)
    USB_IRQHandler                           0x00001dc1   Thumb Code   518  usbhw.o(i.USB_IRQHandler)
    USB_Init                                 0x00001fdd   Thumb Code   154  usbhw.o(i.USB_Init)
    USB_ReadEP                               0x0000208d   Thumb Code    94  usbhw.o(i.USB_ReadEP)
    USB_ReqGetDescriptor                     0x000020f9   Thumb Code   164  usbcore.o(i.USB_ReqGetDescriptor)
    USB_ReqGetStatus                         0x000021b1   Thumb Code   160  usbcore.o(i.USB_ReqGetStatus)
    USB_ReqSetClrFeature                     0x00002271   Thumb Code   210  usbcore.o(i.USB_ReqSetClrFeature)
    USB_ReqSetConfiguration                  0x0000235d   Thumb Code   402  usbcore.o(i.USB_ReqSetConfiguration)
    USB_ReqSetInterface                      0x00002515   Thumb Code   278  usbcore.o(i.USB_ReqSetInterface)
    USB_Reset                                0x00002645   Thumb Code   172  usbhw.o(i.USB_Reset)
    USB_ResetCore                            0x00002709   Thumb Code    34  usbcore.o(i.USB_ResetCore)
    USB_ResetEP                              0x00002745   Thumb Code    26  usbhw.o(i.USB_ResetEP)
    USB_Reset_Event                          0x00002765   Thumb Code     8  usbuser.o(i.USB_Reset_Event)
    USB_Resume                               0x0000276d   Thumb Code     2  usbhw.o(i.USB_Resume)
    USB_SOF_Event                            0x0000276f   Thumb Code     2  usbuser.o(i.USB_SOF_Event)
    USB_SetAddress                           0x00002771   Thumb Code    42  usbhw.o(i.USB_SetAddress)
    USB_SetStallEP                           0x000027a1   Thumb Code    26  usbhw.o(i.USB_SetStallEP)
    USB_SetupStage                           0x000027c5   Thumb Code    12  usbcore.o(i.USB_SetupStage)
    USB_StatusInStage                        0x000027d5   Thumb Code    14  usbcore.o(i.USB_StatusInStage)
    USB_StatusOutStage                       0x000027e5   Thumb Code    12  usbcore.o(i.USB_StatusOutStage)
    USB_Suspend                              0x000027f5   Thumb Code     2  usbhw.o(i.USB_Suspend)
    USB_WakeUpCfg                            0x000027f7   Thumb Code     2  usbhw.o(i.USB_WakeUpCfg)
    USB_WriteEP                              0x000027f9   Thumb Code    70  usbhw.o(i.USB_WriteEP)
    WrCmd                                    0x0000284d   Thumb Code    30  usbhw.o(i.WrCmd)
    WrCmdDat                                 0x00002875   Thumb Code    58  usbhw.o(i.WrCmdDat)
    WrCmdEP                                  0x000028b9   Thumb Code    78  usbhw.o(i.WrCmdEP)
    _init_box                                0x00002911   Thumb Code    70  rt_membox.o(i._init_box)
    _mutex_acquire                           0x00002959   Thumb Code    22  rtx_conf_cm.o(i._mutex_acquire)
    _mutex_release                           0x00002979   Thumb Code    18  rtx_conf_cm.o(i._mutex_release)
    callback                                 0x00002995   Thumb Code    14  thread.o(i.callback)
    dbg_init                                 0x000029a9   Thumb Code    34  hal_cm.o(i.dbg_init)
    dbg_task_notify                          0x000029d9   Thumb Code    32  hal_cm.o(i.dbg_task_notify)
    dbg_task_switch                          0x000029f9   Thumb Code    16  hal_cm.o(i.dbg_task_switch)
    delays                                   0x00002a19   Thumb Code    18  minesweeper3.o(i.delays)
    drawBoard                                0x00002a31   Thumb Code    98  minesweeper3.o(i.drawBoard)
    get_button                               0x00002a99   Thumb Code    20  kbd.o(i.get_button)
    get_potval                               0x00002aad   Thumb Code    58  usbdmain.o(i.get_potval)
    isGameOver                               0x00002af1   Thumb Code   216  minesweeper3.o(i.isGameOver)
    isMoveValid                              0x00002bcd   Thumb Code    40  minesweeper3.o(i.isMoveValid)
    isrMessageGet                            0x00002bf9   Thumb Code    42  rt_cmsis.o(i.isrMessageGet)
    isrMessagePut                            0x00002c23   Thumb Code    44  rt_cmsis.o(i.isrMessagePut)
    isrSignalSet                             0x00002c4f   Thumb Code    36  rt_cmsis.o(i.isrSignalSet)
    isr_evt_set                              0x00002c75   Thumb Code    34  rt_event.o(i.isr_evt_set)
    isr_mbx_receive                          0x00002c9d   Thumb Code    86  rt_mailbox.o(i.isr_mbx_receive)
    isr_mbx_send                             0x00002cf3   Thumb Code    14  rt_mailbox.o(i.isr_mbx_send)
    main                                     0x00002d01   Thumb Code    52  main.o(i.main)
    makeMove                                 0x00002d35   Thumb Code    14  minesweeper3.o(i.makeMove)
    menu                                     0x00002d49   Thumb Code   450  thread.o(i.menu)
    minesweeper                              0x00002fa1   Thumb Code    62  thread.o(i.minesweeper)
    mp3                                      0x00002fe5   Thumb Code   116  thread.o(i.mp3)
    osDelay                                  0x000030d1   Thumb Code    18  rt_cmsis.o(i.osDelay)
    osKernelInitialize                       0x000030e9   Thumb Code    30  rt_cmsis.o(i.osKernelInitialize)
    osKernelStart                            0x0000310d   Thumb Code    98  rt_cmsis.o(i.osKernelStart)
    osMessageGet                             0x00003179   Thumb Code    18  rt_cmsis.o(i.osMessageGet)
    osSignalSet                              0x00003191   Thumb Code    18  rt_cmsis.o(i.osSignalSet)
    osSignalWait                             0x000031a9   Thumb Code    18  rt_cmsis.o(i.osSignalWait)
    osThreadCreate                           0x000031c1   Thumb Code    36  rt_cmsis.o(i.osThreadCreate)
    osThreadExit                             0x000031ed   Thumb Code    14  rt_cmsis.o(i.osThreadExit)
    osTimerCall                              0x00003205   Thumb Code     8  rt_cmsis.o(i.osTimerCall)
    osTimerCreate                            0x00003211   Thumb Code    36  rt_cmsis.o(i.osTimerCreate)
    osTimerStart                             0x0000323d   Thumb Code    18  rt_cmsis.o(i.osTimerStart)
    osTimerThread                            0x00003255   Thumb Code    38  rt_cmsis.o(i.osTimerThread)
    os_error                                 0x00003281   Thumb Code    34  rtx_conf_cm.o(i.os_error)
    os_idle_demon                            0x000032a3   Thumb Code     4  rtx_conf_cm.o(i.os_idle_demon)
    os_tick_init                             0x000032a9   Thumb Code    32  rt_system.o(i.os_tick_init)
    os_tick_irqack                           0x000032d1   Thumb Code     2  rt_system.o(i.os_tick_irqack)
    photoGallery                             0x000032d5   Thumb Code   254  thread.o(i.photoGallery)
    play                                     0x00003405   Thumb Code   358  minesweeper3.o(i.play)
    rt_alloc_box                             0x00003691   Thumb Code    26  rt_membox.o(i.rt_alloc_box)
    rt_alloc_mem                             0x000036ab   Thumb Code    62  rt_memory.o(i.rt_alloc_mem)
    rt_block                                 0x000036e9   Thumb Code    48  rt_task.o(i.rt_block)
    rt_chk_robin                             0x00003721   Thumb Code     2  rtx_conf_cm.o(i.rt_chk_robin)
    rt_dec_dly                               0x00003725   Thumb Code   102  rt_list.o(i.rt_dec_dly)
    rt_dispatch                              0x00003795   Thumb Code    60  rt_task.o(i.rt_dispatch)
    rt_dly_wait                              0x000037d9   Thumb Code     6  rt_time.o(i.rt_dly_wait)
    rt_evt_psh                               0x000037e1   Thumb Code    76  rt_event.o(i.rt_evt_psh)
    rt_evt_set                               0x00003831   Thumb Code    88  rt_event.o(i.rt_evt_set)
    rt_evt_wait                              0x0000388d   Thumb Code    56  rt_event.o(i.rt_evt_wait)
    rt_free_box                              0x000038c9   Thumb Code    44  rt_membox.o(i.rt_free_box)
    rt_free_mem                              0x000038f5   Thumb Code    40  rt_memory.o(i.rt_free_mem)
    rt_get_first                             0x0000391d   Thumb Code    40  rt_list.o(i.rt_get_first)
    rt_init_mem                              0x00003995   Thumb Code    26  rt_memory.o(i.rt_init_mem)
    rt_init_robin                            0x000039af   Thumb Code     2  rtx_conf_cm.o(i.rt_init_robin)
    rt_init_stack                            0x000039b1   Thumb Code   118  hal_cm.o(i.rt_init_stack)
    rt_mbx_check                             0x00003a31   Thumb Code     8  rt_mailbox.o(i.rt_mbx_check)
    rt_mbx_init                              0x00003a39   Thumb Code    26  rt_mailbox.o(i.rt_mbx_init)
    rt_mbx_psh                               0x00003a55   Thumb Code   236  rt_mailbox.o(i.rt_mbx_psh)
    rt_mbx_wait                              0x00003b45   Thumb Code   174  rt_mailbox.o(i.rt_mbx_wait)
    rt_mut_release                           0x00003c3d   Thumb Code   208  rt_mutex.o(i.rt_mut_release)
    rt_mut_wait                              0x00003d15   Thumb Code   114  rt_mutex.o(i.rt_mut_wait)
    rt_pop_req                               0x00003d8d   Thumb Code   112  rt_system.o(i.rt_pop_req)
    rt_psh_req                               0x00003e09   Thumb Code    22  rt_system.o(i.rt_psh_req)
    rt_psq_enq                               0x00003e29   Thumb Code    88  rt_list.o(i.rt_psq_enq)
    rt_put_dly                               0x00003e85   Thumb Code    68  rt_list.o(i.rt_put_dly)
    rt_put_prio                              0x00003ecd   Thumb Code    54  rt_list.o(i.rt_put_prio)
    rt_put_rdy_first                         0x00003f05   Thumb Code    14  rt_list.o(i.rt_put_rdy_first)
    rt_resort_prio                           0x00003f19   Thumb Code    46  rt_list.o(i.rt_resort_prio)
    rt_ret_val                               0x00003f4d   Thumb Code     6  hal_cm.o(i.rt_ret_val)
    rt_ret_val2                              0x00003f53   Thumb Code     8  hal_cm.o(i.rt_ret_val2)
    rt_rmv_dly                               0x00003f5b   Thumb Code    40  rt_list.o(i.rt_rmv_dly)
    rt_rmv_list                              0x00003f85   Thumb Code    44  rt_list.o(i.rt_rmv_list)
    rt_sem_psh                               0x00003fb5   Thumb Code    48  rt_semaphore.o(i.rt_sem_psh)
    rt_stk_check                             0x00003fe9   Thumb Code    28  rt_system.o(i.rt_stk_check)
    rt_switch_req                            0x0000400d   Thumb Code    30  rt_task.o(i.rt_switch_req)
    rt_sys_init                              0x00004035   Thumb Code   138  rt_task.o(i.rt_sys_init)
    rt_sys_start                             0x00004101   Thumb Code   110  rt_task.o(i.rt_sys_start)
    rt_systick                               0x00004179   Thumb Code    50  rt_system.o(i.rt_systick)
    rt_tsk_create                            0x0000423d   Thumb Code   118  rt_task.o(i.rt_tsk_create)
    rt_tsk_delete                            0x000042c5   Thumb Code   352  rt_task.o(i.rt_tsk_delete)
    rt_tsk_prio                              0x00004441   Thumb Code   108  rt_task.o(i.rt_tsk_prio)
    rt_tsk_self                              0x000044bd   Thumb Code    12  rt_task.o(i.rt_tsk_self)
    svcDelay                                 0x0000456d   Thumb Code    18  rt_cmsis.o(i.svcDelay)
    svcKernelInitialize                      0x00004581   Thumb Code    80  rt_cmsis.o(i.svcKernelInitialize)
    svcKernelStart                           0x000045f1   Thumb Code    62  rt_cmsis.o(i.svcKernelStart)
    svcMessageCreate                         0x00004639   Thumb Code    36  rt_cmsis.o(i.svcMessageCreate)
    svcMessageGet                            0x0000465d   Thumb Code    58  rt_cmsis.o(i.svcMessageGet)
    svcSignalSet                             0x00004697   Thumb Code    36  rt_cmsis.o(i.svcSignalSet)
    svcSignalWait                            0x000046bd   Thumb Code    80  rt_cmsis.o(i.svcSignalWait)
    svcThreadCreate                          0x00004711   Thumb Code    96  rt_cmsis.o(i.svcThreadCreate)
    svcThreadGetId                           0x0000477d   Thumb Code    22  rt_cmsis.o(i.svcThreadGetId)
    svcThreadTerminate                       0x00004799   Thumb Code    50  rt_cmsis.o(i.svcThreadTerminate)
    svcTimerCall                             0x000047d1   Thumb Code    24  rt_cmsis.o(i.svcTimerCall)
    svcTimerCreate                           0x000047e9   Thumb Code    52  rt_cmsis.o(i.svcTimerCreate)
    svcTimerStart                            0x00004821   Thumb Code    96  rt_cmsis.o(i.svcTimerStart)
    sysTimerTick                             0x00004885   Thumb Code    84  rt_cmsis.o(i.sysTimerTick)
    usbd_main                                0x000048e1   Thumb Code   204  usbdmain.o(i.usbd_main)
    os_timer_def_InputTimer_Handle           0x0005f2d0   Data           8  thread.o(.constdata)
    os_thread_def_menu                       0x0005f2d8   Data          16  thread.o(.constdata)
    os_thread_def_photoGallery               0x0005f2e8   Data          16  thread.o(.constdata)
    os_thread_def_mp3                        0x0005f2f8   Data          16  thread.o(.constdata)
    os_thread_def_minesweeper                0x0005f308   Data          16  thread.o(.constdata)
    Font_6x8_h                               0x0005f318   Data         896  glcd_spi_lpc1700.o(.constdata)
    Font_16x24_h                             0x0005f698   Data        5376  glcd_spi_lpc1700.o(.constdata)
    USB_DeviceDescriptor                     0x00060b98   Data          18  usbdesc.o(.constdata)
    USB_ConfigDescriptor                     0x00060baa   Data         110  usbdesc.o(.constdata)
    USB_StringDescriptor                     0x00060c18   Data         100  usbdesc.o(.constdata)
    DDAdr                                    0x00060c7c   Data           8  usbhw.o(.constdata)
    DDSz                                     0x00060c84   Data           8  usbhw.o(.constdata)
    USB_P_EP                                 0x00060c8c   Data          64  usbuser.o(.constdata)
    led_mask                                 0x00060ccc   Data          32  led.o(.constdata)
    os_maxtaskrun                            0x00060cec   Data           2  rtx_conf_cm.o(.constdata)
    os_stackinfo                             0x00060cf0   Data           4  rtx_conf_cm.o(.constdata)
    os_rrobin                                0x00060cf4   Data           4  rtx_conf_cm.o(.constdata)
    os_tickfreq                              0x00060cf8   Data           4  rtx_conf_cm.o(.constdata)
    os_tickus_i                              0x00060cfc   Data           2  rtx_conf_cm.o(.constdata)
    os_tickus_f                              0x00060cfe   Data           2  rtx_conf_cm.o(.constdata)
    os_trv                                   0x00060d00   Data           4  rtx_conf_cm.o(.constdata)
    os_flags                                 0x00060d04   Data           1  rtx_conf_cm.o(.constdata)
    CMSIS_RTOS_API_Version                   0x00060d08   Data           4  rtx_conf_cm.o(.constdata)
    CMSIS_RTOS_RTX_Version                   0x00060d0c   Data           4  rtx_conf_cm.o(.constdata)
    os_clockrate                             0x00060d10   Data           4  rtx_conf_cm.o(.constdata)
    os_timernum                              0x00060d14   Data           4  rtx_conf_cm.o(.constdata)
    mp_tcb_size                              0x00060d18   Data           2  rtx_conf_cm.o(.constdata)
    mp_stk_size                              0x00060d1c   Data           4  rtx_conf_cm.o(.constdata)
    os_stack_sz                              0x00060d20   Data           4  rtx_conf_cm.o(.constdata)
    os_fifo_size                             0x00060d24   Data           1  rtx_conf_cm.o(.constdata)
    os_thread_def_osTimerThread              0x00060d28   Data          16  rtx_conf_cm.o(.constdata)
    os_messageQ_def_osTimerMessageQ          0x00060d38   Data           8  rtx_conf_cm.o(.constdata)
    mp_tmr_size                              0x00060d40   Data           2  rtx_conf_cm.o(.constdata)
    os_thread_def_main                       0x00060d44   Data          16  rtx_conf_cm.o(.constdata)
    Region$$Table$$Base                      0x00060d54   Number         0  anon$$obj.o(Region$$Table)
    Region$$Table$$Limit                     0x00060d84   Number         0  anon$$obj.o(Region$$Table)
    mp_tcb                                   0x10000000   Data         376  rtx_conf_cm.o(.bss)
    mp_stk                                   0x10000178   Data        2416  rtx_conf_cm.o(.bss)
    os_stack_mem                             0x10000ae8   Data         632  rtx_conf_cm.o(.bss)
    os_fifo                                  0x10000d60   Data         132  rtx_conf_cm.o(.bss)
    os_active_TCB                            0x10000de4   Data          28  rtx_conf_cm.o(.bss)
    os_messageQ_q_osTimerMessageQ            0x10000e00   Data          32  rtx_conf_cm.o(.bss)
    dir                                      0x2007c000   Data           4  thread.o(.data)
    option                                   0x2007c004   Data           4  thread.o(.data)
    photo                                    0x2007c008   Data           4  thread.o(.data)
    InputTimer                               0x2007c00c   Data           4  thread.o(.data)
    menu_tid                                 0x2007c010   Data           4  thread.o(.data)
    photoGallery_tid                         0x2007c014   Data           4  thread.o(.data)
    mp3_tid                                  0x2007c018   Data           4  thread.o(.data)
    minesweeper_tid                          0x2007c01c   Data           4  thread.o(.data)
    VolCur                                   0x2007c026   Data           2  adcuser.o(.data)
    USB_DeviceStatus                         0x2007c028   Data           2  usbcore.o(.data)
    USB_DeviceAddress                        0x2007c02a   Data           1  usbcore.o(.data)
    USB_Configuration                        0x2007c02b   Data           1  usbcore.o(.data)
    USB_EndPointMask                         0x2007c02c   Data           4  usbcore.o(.data)
    USB_EndPointHalt                         0x2007c030   Data           4  usbcore.o(.data)
    USB_EndPointStall                        0x2007c034   Data           4  usbcore.o(.data)
    USB_NumInterfaces                        0x2007c038   Data           1  usbcore.o(.data)
    USB_AltSetting                           0x2007c039   Data           4  usbcore.o(.data)
    EP0Data                                  0x2007c040   Data           8  usbcore.o(.data)
    SetupPacket                              0x2007c048   Data           8  usbcore.o(.data)
    Mute                                     0x2007c050   Data           1  usbdmain.o(.data)
    Volume                                   0x2007c054   Data           4  usbdmain.o(.data)
    InfoBuf                                  0x2007c058   Data           4  usbdmain.o(.data)
    DataBuf                                  0x2007c05c   Data           4  usbdmain.o(.data)
    DataOut                                  0x2007c060   Data           2  usbdmain.o(.data)
    DataIn                                   0x2007c062   Data           2  usbdmain.o(.data)
    DataRun                                  0x2007c064   Data           1  usbdmain.o(.data)
    PotVal                                   0x2007c066   Data           2  usbdmain.o(.data)
    VUM                                      0x2007c068   Data           4  usbdmain.o(.data)
    Tick                                     0x2007c06c   Data           4  usbdmain.o(.data)
    DDMemMap                                 0x2007c070   Data           8  usbhw.o(.data)
    board                                    0x2007c078   Data           9  minesweeper3.o(.data)
    joy                                      0x2007c084   Data           4  minesweeper3.o(.data)
    osThreadId_osTimerThread                 0x2007c08c   Data           4  rtx_conf_cm.o(.data)
    osMessageQId_osTimerMessageQ             0x2007c090   Data           4  rtx_conf_cm.o(.data)
    os_tmr                                   0x2007c094   Data           4  rtx_conf_cm.o(.data)
    m_tmr                                    0x2007c098   Data           4  rtx_conf_cm.o(.data)
    SystemCoreClock                          0x2007c0a8   Data           4  system_lpc17xx.o(.data)
    os_initialized                           0x2007c0ac   Data           1  rt_cmsis.o(.data)
    os_running                               0x2007c0ad   Data           1  rt_cmsis.o(.data)
    os_timer_head                            0x2007c0b0   Data           4  rt_cmsis.o(.data)
    os_tsk                                   0x2007c0b4   Data           8  rt_task.o(.data)
    os_tick_irqn                             0x2007c0c0   Data           4  rt_system.o(.data)
    os_time                                  0x2007c0c4   Data           4  rt_time.o(.data)
    dbg_msg                                  0x2007c0c8   Data           1  hal_cm.o(.data)
    os_timer_cb_InputTimer_Handle            0x2007c0cc   Data          24  thread.o(.bss)
    EP0Buf                                   0x2007c0e4   Data          64  usbcore.o(.bss)
    udca                                     0x2007c124   Data         128  usbhw.o(.bss)
    os_idle_TCB                              0x2007c244   Data          52  rt_task.o(.bss)
    os_rdy                                   0x2007c278   Data          24  rt_list.o(.bss)
    os_dly                                   0x2007c290   Data          24  rt_list.o(.bss)
    __libspace_start                         0x2007c2a8   Data          96  libspace.o(.bss)
    __temporary_stack_top$libspace           0x2007c308   Data           0  libspace.o(.bss)
    UDCA                                     0x2007c508   Data         128  usbhw.o(USB_RAM)
    DD_NISO_Mem                              0x2007c588   Data         256  usbhw.o(USB_RAM)
    DD_ISO_Mem                               0x2007c688   Data         160  usbhw.o(USB_RAM)



==============================================================================

Memory Map of the image

  Image Entry point : 0x000000cd

  Load Region LR_IROM1 (Base: 0x00000000, Size: 0x00060e50, Max: 0x00080000, ABSOLUTE)

    Execution Region ER_IROM1 (Exec base: 0x00000000, Load base: 0x00000000, Size: 0x00060d84, Max: 0x00080000, ABSOLUTE)

    Exec Addr    Load Addr    Size         Type   Attr      Idx    E Section Name        Object

    0x00000000   0x00000000   0x000000cc   Data   RO         1463    RESET               startup_lpc17xx.o
    0x000000cc   0x000000cc   0x00000008   Code   RO         2759  * !!!main             c_w.l(__main.o)
    0x000000d4   0x000000d4   0x00000034   Code   RO         2929    !!!scatter          c_w.l(__scatter.o)
    0x00000108   0x00000108   0x0000001a   Code   RO         2931    !!handler_copy      c_w.l(__scatter_copy.o)
    0x00000122   0x00000122   0x00000002   PAD
    0x00000124   0x00000124   0x0000001c   Code   RO         2933    !!handler_zi        c_w.l(__scatter_zi.o)
    0x00000140   0x00000140   0x00000000   Code   RO         2754    .ARM.Collect$$_printf_percent$$00000000  c_w.l(_printf_percent.o)
    0x00000140   0x00000140   0x00000006   Code   RO         2753    .ARM.Collect$$_printf_percent$$00000009  c_w.l(_printf_d.o)
    0x00000146   0x00000146   0x00000004   Code   RO         2774    .ARM.Collect$$_printf_percent$$00000017  c_w.l(_printf_percent_end.o)
    0x0000014a   0x0000014a   0x00000002   Code   RO         2815    .ARM.Collect$$libinit$$00000000  c_w.l(libinit.o)
    0x0000014c   0x0000014c   0x00000000   Code   RO         2827    .ARM.Collect$$libinit$$00000002  c_w.l(libinit2.o)
    0x0000014c   0x0000014c   0x00000000   Code   RO         2829    .ARM.Collect$$libinit$$00000004  c_w.l(libinit2.o)
    0x0000014c   0x0000014c   0x00000000   Code   RO         2832    .ARM.Collect$$libinit$$0000000A  c_w.l(libinit2.o)
    0x0000014c   0x0000014c   0x00000000   Code   RO         2834    .ARM.Collect$$libinit$$0000000C  c_w.l(libinit2.o)
    0x0000014c   0x0000014c   0x00000000   Code   RO         2836    .ARM.Collect$$libinit$$0000000E  c_w.l(libinit2.o)
    0x0000014c   0x0000014c   0x00000000   Code   RO         2839    .ARM.Collect$$libinit$$00000011  c_w.l(libinit2.o)
    0x0000014c   0x0000014c   0x00000000   Code   RO         2841    .ARM.Collect$$libinit$$00000013  c_w.l(libinit2.o)
    0x0000014c   0x0000014c   0x00000000   Code   RO         2843    .ARM.Collect$$libinit$$00000015  c_w.l(libinit2.o)
    0x0000014c   0x0000014c   0x00000000   Code   RO         2845    .ARM.Collect$$libinit$$00000017  c_w.l(libinit2.o)
    0x0000014c   0x0000014c   0x00000000   Code   RO         2847    .ARM.Collect$$libinit$$00000019  c_w.l(libinit2.o)
    0x0000014c   0x0000014c   0x00000000   Code   RO         2849    .ARM.Collect$$libinit$$0000001B  c_w.l(libinit2.o)
    0x0000014c   0x0000014c   0x00000000   Code   RO         2851    .ARM.Collect$$libinit$$0000001D  c_w.l(libinit2.o)
    0x0000014c   0x0000014c   0x00000000   Code   RO         2853    .ARM.Collect$$libinit$$0000001F  c_w.l(libinit2.o)
    0x0000014c   0x0000014c   0x00000000   Code   RO         2855    .ARM.Collect$$libinit$$00000021  c_w.l(libinit2.o)
    0x0000014c   0x0000014c   0x00000000   Code   RO         2857    .ARM.Collect$$libinit$$00000023  c_w.l(libinit2.o)
    0x0000014c   0x0000014c   0x00000000   Code   RO         2859    .ARM.Collect$$libinit$$00000025  c_w.l(libinit2.o)
    0x0000014c   0x0000014c   0x00000000   Code   RO         2863    .ARM.Collect$$libinit$$0000002C  c_w.l(libinit2.o)
    0x0000014c   0x0000014c   0x00000000   Code   RO         2865    .ARM.Collect$$libinit$$0000002E  c_w.l(libinit2.o)
    0x0000014c   0x0000014c   0x00000000   Code   RO         2867    .ARM.Collect$$libinit$$00000030  c_w.l(libinit2.o)
    0x0000014c   0x0000014c   0x00000000   Code   RO         2869    .ARM.Collect$$libinit$$00000032  c_w.l(libinit2.o)
    0x0000014c   0x0000014c   0x00000002   Code   RO         2870    .ARM.Collect$$libinit$$00000033  c_w.l(libinit2.o)
    0x0000014e   0x0000014e   0x00000002   Code   RO         2816    .ARM.Collect$$libshutdown$$00000000  c_w.l(libshutdown.o)
    0x00000150   0x00000150   0x00000000   Code   RO         2872    .ARM.Collect$$libshutdown$$00000002  c_w.l(libshutdown2.o)
    0x00000150   0x00000150   0x00000000   Code   RO         2874    .ARM.Collect$$libshutdown$$00000004  c_w.l(libshutdown2.o)
    0x00000150   0x00000150   0x00000000   Code   RO         2877    .ARM.Collect$$libshutdown$$00000007  c_w.l(libshutdown2.o)
    0x00000150   0x00000150   0x00000000   Code   RO         2880    .ARM.Collect$$libshutdown$$0000000A  c_w.l(libshutdown2.o)
    0x00000150   0x00000150   0x00000000   Code   RO         2882    .ARM.Collect$$libshutdown$$0000000C  c_w.l(libshutdown2.o)
    0x00000150   0x00000150   0x00000000   Code   RO         2885    .ARM.Collect$$libshutdown$$0000000F  c_w.l(libshutdown2.o)
    0x00000150   0x00000150   0x00000002   Code   RO         2886    .ARM.Collect$$libshutdown$$00000010  c_w.l(libshutdown2.o)
    0x00000152   0x00000152   0x00000000   Code   RO         2761    .ARM.Collect$$rtentry$$00000000  c_w.l(__rtentry.o)
    0x00000152   0x00000152   0x00000000   Code   RO         2776    .ARM.Collect$$rtentry$$00000002  c_w.l(__rtentry2.o)
    0x00000152   0x00000152   0x00000006   Code   RO         2788    .ARM.Collect$$rtentry$$00000004  c_w.l(__rtentry4.o)
    0x00000158   0x00000158   0x00000000   Code   RO         2778    .ARM.Collect$$rtentry$$00000009  c_w.l(__rtentry2.o)
    0x00000158   0x00000158   0x00000004   Code   RO         2779    .ARM.Collect$$rtentry$$0000000A  c_w.l(__rtentry2.o)
    0x0000015c   0x0000015c   0x00000008   Code   RO         2780    .ARM.Collect$$rtentry$$0000000B  c_w.l(__rtentry2.o)
    0x00000164   0x00000164   0x00000008   Code   RO         2782    .ARM.Collect$$rtentry$$0000000D  c_w.l(__rtentry2.o)
    0x0000016c   0x0000016c   0x00000002   Code   RO         2762    .ARM.Collect$$rtexit$$00000000  c_w.l(rtexit.o)
    0x0000016e   0x0000016e   0x00000000   Code   RO         2791    .ARM.Collect$$rtexit$$00000002  c_w.l(rtexit2.o)
    0x0000016e   0x0000016e   0x00000004   Code   RO         2792    .ARM.Collect$$rtexit$$00000003  c_w.l(rtexit2.o)
    0x00000172   0x00000172   0x00000006   Code   RO         2793    .ARM.Collect$$rtexit$$00000004  c_w.l(rtexit2.o)
    0x00000178   0x00000178   0x0000001c   Code   RO         1201    .emb_text           rtx_conf_cm.o
    0x00000194   0x00000194   0x00000130   Code   RO         2684    .emb_text           RTX_CM3.lib(hal_cm3.o)
    0x000002c4   0x000002c4   0x00000008   Code   RO         2720    .text               c_w.l(libspace.o)
    0x000002cc   0x000002cc   0x00000028   Code   RO         2727    .text               c_w.l(noretval__2sprintf.o)
    0x000002f4   0x000002f4   0x00000006   Code   RO         2757    .text               c_w.l(heapauxi.o)
    0x000002fa   0x000002fa   0x00000002   Code   RO         2817    .text               c_w.l(use_no_semi.o)
    0x000002fc   0x000002fc   0x00000004   Code   RO         1464    .ARM.__at_0x02FC    startup_lpc17xx.o
    0x00000300   0x00000300   0x0000003c   Code   RO         1465    .text               startup_lpc17xx.o
    0x0000033c   0x0000033c   0x000000ee   Code   RO         2723    .text               c_w.l(lludivv7m.o)
    0x0000042a   0x0000042a   0x00000068   Code   RO         2729    .text               c_w.l(__printf.o)
    0x00000492   0x00000492   0x00000002   PAD
    0x00000494   0x00000494   0x00000078   Code   RO         2731    .text               c_w.l(_printf_dec.o)
    0x0000050c   0x0000050c   0x00000012   Code   RO         2755    .text               c_w.l(exit.o)
    0x0000051e   0x0000051e   0x000000b2   Code   RO         2768    .text               c_w.l(_printf_intcommon.o)
    0x000005d0   0x000005d0   0x00000030   Code   RO         2770    .text               c_w.l(_printf_char_common.o)
    0x00000600   0x00000600   0x0000000a   Code   RO         2772    .text               c_w.l(_sputc.o)
    0x0000060a   0x0000060a   0x00000002   PAD
    0x0000060c   0x0000060c   0x0000000c   Code   RO         2801    .text               c_w.l(sys_exit.o)
    0x00000618   0x00000618   0x0000004a   Code   RO         2803    .text               c_w.l(sys_stackheap_outer.o)
    0x00000662   0x00000662   0x00000000   Code   RO         2819    .text               c_w.l(indicate_semi.o)
    0x00000662   0x00000662   0x00000002   PAD
    0x00000664   0x00000664   0x00000004   Code   RO         2715    SVC_TABLE           RTX_CM3.lib(svc_table.o)
    0x00000668   0x00000668   0x00000004   Code   RO          378    i.ADC_EP_GetRequest  adcuser.o
    0x0000066c   0x0000066c   0x00000004   Code   RO          379    i.ADC_EP_SetRequest  adcuser.o
    0x00000670   0x00000670   0x00000090   Code   RO          380    i.ADC_IF_GetRequest  adcuser.o
    0x00000700   0x00000700   0x00000060   Code   RO          381    i.ADC_IF_SetRequest  adcuser.o
    0x00000760   0x00000760   0x00000028   Code   RO         1086    i.ADC_IRQHandler    adc_mcb1700.o
    0x00000788   0x00000788   0x00000020   Code   RO         1274    i.Clear_Channel_active_flag  gpdma_lpc17xx.o
    0x000007a8   0x000007a8   0x00000180   Code   RO         1275    i.DMA_IRQHandler    gpdma_lpc17xx.o
    0x00000928   0x00000928   0x00000010   Code   RO          628    i.EPAdr             usbhw.o
    0x00000938   0x00000938   0x00000052   Code   RO          148    i.GLCD_Bitmap       glcd_spi_lpc1700.o
    0x0000098a   0x0000098a   0x0000002a   Code   RO          149    i.GLCD_Clear        glcd_spi_lpc1700.o
    0x000009b4   0x000009b4   0x0000005c   Code   RO          151    i.GLCD_DisplayChar  glcd_spi_lpc1700.o
    0x00000a10   0x00000a10   0x00000028   Code   RO          152    i.GLCD_DisplayString  glcd_spi_lpc1700.o
    0x00000a38   0x00000a38   0x0000009c   Code   RO          153    i.GLCD_DrawChar     glcd_spi_lpc1700.o
    0x00000ad4   0x00000ad4   0x000005e8   Code   RO          154    i.GLCD_Init         glcd_spi_lpc1700.o
    0x000010bc   0x000010bc   0x0000000c   Code   RO          157    i.GLCD_SetBackColor  glcd_spi_lpc1700.o
    0x000010c8   0x000010c8   0x0000000c   Code   RO          158    i.GLCD_SetTextColor  glcd_spi_lpc1700.o
    0x000010d4   0x000010d4   0x000000ac   Code   RO          159    i.GLCD_SetWindow    glcd_spi_lpc1700.o
    0x00001180   0x00001180   0x00000012   Code   RO          160    i.GLCD_WindowMax    glcd_spi_lpc1700.o
    0x00001192   0x00001192   0x00000002   PAD
    0x00001194   0x00001194   0x00000078   Code   RO           77    i.Init_Thread       thread.o
    0x0000120c   0x0000120c   0x0000003c   Code   RO          339    i.KBD_Init          kbd.o
    0x00001248   0x00001248   0x00000010   Code   RO          340    i.KBD_get           kbd.o
    0x00001258   0x00001258   0x00000030   Code   RO         1038    i.LED_Init          led.o
    0x00001288   0x00001288   0x00000030   Code   RO         1039    i.LED_Off           led.o
    0x000012b8   0x000012b8   0x00000030   Code   RO          629    i.RdCmdDat          usbhw.o
    0x000012e8   0x000012e8   0x000001a8   Code   RO         1474    i.SystemCoreClockUpdate  system_lpc17xx.o
    0x00001490   0x00001490   0x00000140   Code   RO         1475    i.SystemInit        system_lpc17xx.o
    0x000015d0   0x000015d0   0x00000148   Code   RO          565    i.TIMER0_IRQHandler  usbdmain.o
    0x00001718   0x00001718   0x00000020   Code   RO          631    i.USB_ClrStallEP    usbhw.o
    0x00001738   0x00001738   0x0000004c   Code   RO          632    i.USB_ConfigEP      usbhw.o
    0x00001784   0x00001784   0x00000044   Code   RO          633    i.USB_Configure     usbhw.o
    0x000017c8   0x000017c8   0x00000020   Code   RO          634    i.USB_Connect       usbhw.o
    0x000017e8   0x000017e8   0x00000024   Code   RO          635    i.USB_DMA_BufAdr    usbhw.o
    0x0000180c   0x0000180c   0x00000018   Code   RO          638    i.USB_DMA_Enable    usbhw.o
    0x00001824   0x00001824   0x0000010c   Code   RO          639    i.USB_DMA_Setup     usbhw.o
    0x00001930   0x00001930   0x00000038   Code   RO          445    i.USB_DataInStage   usbcore.o
    0x00001968   0x00001968   0x00000028   Code   RO          446    i.USB_DataOutStage  usbcore.o
    0x00001990   0x00001990   0x00000002   Code   RO          641    i.USB_DirCtrlEP     usbhw.o
    0x00001992   0x00001992   0x00000002   PAD
    0x00001994   0x00001994   0x00000024   Code   RO          642    i.USB_DisableEP     usbhw.o
    0x000019b8   0x000019b8   0x00000020   Code   RO          643    i.USB_EnableEP      usbhw.o
    0x000019d8   0x000019d8   0x00000330   Code   RO          447    i.USB_EndPoint0     usbcore.o
    0x00001d08   0x00001d08   0x000000b8   Code   RO          856    i.USB_EndPoint3     usbuser.o
    0x00001dc0   0x00001dc0   0x0000021c   Code   RO          645    i.USB_IRQHandler    usbhw.o
    0x00001fdc   0x00001fdc   0x000000b0   Code   RO          646    i.USB_Init          usbhw.o
    0x0000208c   0x0000208c   0x0000006c   Code   RO          647    i.USB_ReadEP        usbhw.o
    0x000020f8   0x000020f8   0x000000b8   Code   RO          506    i.USB_ReqGetDescriptor  usbcore.o
    0x000021b0   0x000021b0   0x000000c0   Code   RO          494    i.USB_ReqGetStatus  usbcore.o
    0x00002270   0x00002270   0x000000ec   Code   RO          500    i.USB_ReqSetClrFeature  usbcore.o
    0x0000235c   0x0000235c   0x000001b8   Code   RO          512    i.USB_ReqSetConfiguration  usbcore.o
    0x00002514   0x00002514   0x00000130   Code   RO          518    i.USB_ReqSetInterface  usbcore.o
    0x00002644   0x00002644   0x000000c4   Code   RO          648    i.USB_Reset         usbhw.o
    0x00002708   0x00002708   0x0000003c   Code   RO          448    i.USB_ResetCore     usbcore.o
    0x00002744   0x00002744   0x00000020   Code   RO          649    i.USB_ResetEP       usbhw.o
    0x00002764   0x00002764   0x00000008   Code   RO          863    i.USB_Reset_Event   usbuser.o
    0x0000276c   0x0000276c   0x00000002   Code   RO          650    i.USB_Resume        usbhw.o
    0x0000276e   0x0000276e   0x00000002   Code   RO          864    i.USB_SOF_Event     usbuser.o
    0x00002770   0x00002770   0x00000030   Code   RO          651    i.USB_SetAddress    usbhw.o
    0x000027a0   0x000027a0   0x00000024   Code   RO          652    i.USB_SetStallEP    usbhw.o
    0x000027c4   0x000027c4   0x00000010   Code   RO          449    i.USB_SetupStage    usbcore.o
    0x000027d4   0x000027d4   0x0000000e   Code   RO          450    i.USB_StatusInStage  usbcore.o
    0x000027e2   0x000027e2   0x00000002   PAD
    0x000027e4   0x000027e4   0x00000010   Code   RO          451    i.USB_StatusOutStage  usbcore.o
    0x000027f4   0x000027f4   0x00000002   Code   RO          653    i.USB_Suspend       usbhw.o
    0x000027f6   0x000027f6   0x00000002   Code   RO          655    i.USB_WakeUpCfg     usbhw.o
    0x000027f8   0x000027f8   0x00000054   Code   RO          656    i.USB_WriteEP       usbhw.o
    0x0000284c   0x0000284c   0x00000028   Code   RO          657    i.WrCmd             usbhw.o
    0x00002874   0x00002874   0x00000044   Code   RO          658    i.WrCmdDat          usbhw.o
    0x000028b8   0x000028b8   0x00000058   Code   RO          659    i.WrCmdEP           usbhw.o
    0x00002910   0x00002910   0x00000046   Code   RO         2583    i._init_box         RTX_CM3.lib(rt_membox.o)
    0x00002956   0x00002956   0x00000002   PAD
    0x00002958   0x00002958   0x00000020   Code   RO         1203    i._mutex_acquire    rtx_conf_cm.o
    0x00002978   0x00002978   0x0000001c   Code   RO         1205    i._mutex_release    rtx_conf_cm.o
    0x00002994   0x00002994   0x00000014   Code   RO           78    i.callback          thread.o
    0x000029a8   0x000029a8   0x00000030   Code   RO         2636    i.dbg_init          RTX_CM3.lib(hal_cm.o)
    0x000029d8   0x000029d8   0x00000020   Code   RO         2637    i.dbg_task_notify   RTX_CM3.lib(hal_cm.o)
    0x000029f8   0x000029f8   0x00000010   Code   RO         2638    i.dbg_task_switch   RTX_CM3.lib(hal_cm.o)
    0x00002a08   0x00002a08   0x0000000e   Code   RO          163    i.delay             glcd_spi_lpc1700.o
    0x00002a16   0x00002a16   0x00000002   PAD
    0x00002a18   0x00002a18   0x00000018   Code   RO          990    i.delays            minesweeper3.o
    0x00002a30   0x00002a30   0x00000068   Code   RO          991    i.drawBoard         minesweeper3.o
    0x00002a98   0x00002a98   0x00000014   Code   RO          341    i.get_button        kbd.o
    0x00002aac   0x00002aac   0x00000044   Code   RO          566    i.get_potval        usbdmain.o
    0x00002af0   0x00002af0   0x000000dc   Code   RO          992    i.isGameOver        minesweeper3.o
    0x00002bcc   0x00002bcc   0x0000002c   Code   RO          993    i.isMoveValid       minesweeper3.o
    0x00002bf8   0x00002bf8   0x0000002a   Code   RO         1510    i.isrMessageGet     RTX_CM3.lib(rt_cmsis.o)
    0x00002c22   0x00002c22   0x0000002c   Code   RO         1511    i.isrMessagePut     RTX_CM3.lib(rt_cmsis.o)
    0x00002c4e   0x00002c4e   0x00000024   Code   RO         1513    i.isrSignalSet      RTX_CM3.lib(rt_cmsis.o)
    0x00002c72   0x00002c72   0x00000002   PAD
    0x00002c74   0x00002c74   0x00000028   Code   RO         2341    i.isr_evt_set       RTX_CM3.lib(rt_event.o)
    0x00002c9c   0x00002c9c   0x00000056   Code   RO         2459    i.isr_mbx_receive   RTX_CM3.lib(rt_mailbox.o)
    0x00002cf2   0x00002cf2   0x0000000e   Code   RO         2460    i.isr_mbx_send      RTX_CM3.lib(rt_mailbox.o)
    0x00002d00   0x00002d00   0x00000034   Code   RO            4    i.main              main.o
    0x00002d34   0x00002d34   0x00000014   Code   RO          994    i.makeMove          minesweeper3.o
    0x00002d48   0x00002d48   0x00000258   Code   RO           79    i.menu              thread.o
    0x00002fa0   0x00002fa0   0x00000044   Code   RO           80    i.minesweeper       thread.o
    0x00002fe4   0x00002fe4   0x000000ec   Code   RO           81    i.mp3               thread.o
    0x000030d0   0x000030d0   0x00000018   Code   RO         1514    i.osDelay           RTX_CM3.lib(rt_cmsis.o)
    0x000030e8   0x000030e8   0x00000024   Code   RO         1515    i.osKernelInitialize  RTX_CM3.lib(rt_cmsis.o)
    0x0000310c   0x0000310c   0x0000006c   Code   RO         1517    i.osKernelStart     RTX_CM3.lib(rt_cmsis.o)
    0x00003178   0x00003178   0x00000018   Code   RO         1526    i.osMessageGet      RTX_CM3.lib(rt_cmsis.o)
    0x00003190   0x00003190   0x00000018   Code   RO         1541    i.osSignalSet       RTX_CM3.lib(rt_cmsis.o)
    0x000031a8   0x000031a8   0x00000018   Code   RO         1542    i.osSignalWait      RTX_CM3.lib(rt_cmsis.o)
    0x000031c0   0x000031c0   0x0000002c   Code   RO         1543    i.osThreadCreate    RTX_CM3.lib(rt_cmsis.o)
    0x000031ec   0x000031ec   0x00000018   Code   RO         1544    i.osThreadExit      RTX_CM3.lib(rt_cmsis.o)
    0x00003204   0x00003204   0x0000000c   Code   RO         1550    i.osTimerCall       RTX_CM3.lib(rt_cmsis.o)
    0x00003210   0x00003210   0x0000002c   Code   RO         1551    i.osTimerCreate     RTX_CM3.lib(rt_cmsis.o)
    0x0000323c   0x0000323c   0x00000018   Code   RO         1553    i.osTimerStart      RTX_CM3.lib(rt_cmsis.o)
    0x00003254   0x00003254   0x0000002c   Code   RO         1555    i.osTimerThread     RTX_CM3.lib(rt_cmsis.o)
    0x00003280   0x00003280   0x00000022   Code   RO         1206    i.os_error          rtx_conf_cm.o
    0x000032a2   0x000032a2   0x00000004   Code   RO         1207    i.os_idle_demon     rtx_conf_cm.o
    0x000032a6   0x000032a6   0x00000002   PAD
    0x000032a8   0x000032a8   0x00000028   Code   RO         2251    i.os_tick_init      RTX_CM3.lib(rt_system.o)
    0x000032d0   0x000032d0   0x00000002   Code   RO         2252    i.os_tick_irqack    RTX_CM3.lib(rt_system.o)
    0x000032d2   0x000032d2   0x00000002   PAD
    0x000032d4   0x000032d4   0x00000130   Code   RO           82    i.photoGallery      thread.o
    0x00003404   0x00003404   0x000001b8   Code   RO          995    i.play              minesweeper3.o
    0x000035bc   0x000035bc   0x0000008c   Code   RO          164    i.rd_id_man         glcd_spi_lpc1700.o
    0x00003648   0x00003648   0x00000048   Code   RO          165    i.rd_reg            glcd_spi_lpc1700.o
    0x00003690   0x00003690   0x0000001a   Code   RO         2584    i.rt_alloc_box      RTX_CM3.lib(rt_membox.o)
    0x000036aa   0x000036aa   0x0000003e   Code   RO         2612    i.rt_alloc_mem      RTX_CM3.lib(rt_memory.o)
    0x000036e8   0x000036e8   0x00000038   Code   RO         2132    i.rt_block          RTX_CM3.lib(rt_task.o)
    0x00003720   0x00003720   0x00000002   Code   RO         1208    i.rt_chk_robin      rtx_conf_cm.o
    0x00003722   0x00003722   0x00000002   PAD
    0x00003724   0x00003724   0x00000070   Code   RO         2383    i.rt_dec_dly        RTX_CM3.lib(rt_list.o)
    0x00003794   0x00003794   0x00000044   Code   RO         2133    i.rt_dispatch       RTX_CM3.lib(rt_task.o)
    0x000037d8   0x000037d8   0x00000006   Code   RO         2549    i.rt_dly_wait       RTX_CM3.lib(rt_time.o)
    0x000037de   0x000037de   0x00000002   PAD
    0x000037e0   0x000037e0   0x00000050   Code   RO         2344    i.rt_evt_psh        RTX_CM3.lib(rt_event.o)
    0x00003830   0x00003830   0x0000005c   Code   RO         2345    i.rt_evt_set        RTX_CM3.lib(rt_event.o)
    0x0000388c   0x0000388c   0x0000003c   Code   RO         2346    i.rt_evt_wait       RTX_CM3.lib(rt_event.o)
    0x000038c8   0x000038c8   0x0000002c   Code   RO         2585    i.rt_free_box       RTX_CM3.lib(rt_membox.o)
    0x000038f4   0x000038f4   0x00000028   Code   RO         2613    i.rt_free_mem       RTX_CM3.lib(rt_memory.o)
    0x0000391c   0x0000391c   0x00000028   Code   RO         2384    i.rt_get_first      RTX_CM3.lib(rt_list.o)
    0x00003944   0x00003944   0x00000008   Code   RO         1560    i.rt_id2obj         RTX_CM3.lib(rt_cmsis.o)
    0x0000394c   0x0000394c   0x00000048   Code   RO         2134    i.rt_init_context   RTX_CM3.lib(rt_task.o)
    0x00003994   0x00003994   0x0000001a   Code   RO         2614    i.rt_init_mem       RTX_CM3.lib(rt_memory.o)
    0x000039ae   0x000039ae   0x00000002   Code   RO         1209    i.rt_init_robin     rtx_conf_cm.o
    0x000039b0   0x000039b0   0x00000080   Code   RO         2639    i.rt_init_stack     RTX_CM3.lib(hal_cm.o)
    0x00003a30   0x00003a30   0x00000008   Code   RO         2461    i.rt_mbx_check      RTX_CM3.lib(rt_mailbox.o)
    0x00003a38   0x00003a38   0x0000001a   Code   RO         2462    i.rt_mbx_init       RTX_CM3.lib(rt_mailbox.o)
    0x00003a52   0x00003a52   0x00000002   PAD
    0x00003a54   0x00003a54   0x000000f0   Code   RO         2463    i.rt_mbx_psh        RTX_CM3.lib(rt_mailbox.o)
    0x00003b44   0x00003b44   0x000000b4   Code   RO         2465    i.rt_mbx_wait       RTX_CM3.lib(rt_mailbox.o)
    0x00003bf8   0x00003bf8   0x00000044   Code   RO         1561    i.rt_ms2tick        RTX_CM3.lib(rt_cmsis.o)
    0x00003c3c   0x00003c3c   0x000000d8   Code   RO         2218    i.rt_mut_release    RTX_CM3.lib(rt_mutex.o)
    0x00003d14   0x00003d14   0x00000078   Code   RO         2219    i.rt_mut_wait       RTX_CM3.lib(rt_mutex.o)
    0x00003d8c   0x00003d8c   0x0000007c   Code   RO         2255    i.rt_pop_req        RTX_CM3.lib(rt_system.o)
    0x00003e08   0x00003e08   0x00000020   Code   RO         2256    i.rt_psh_req        RTX_CM3.lib(rt_system.o)
    0x00003e28   0x00003e28   0x0000005c   Code   RO         2386    i.rt_psq_enq        RTX_CM3.lib(rt_list.o)
    0x00003e84   0x00003e84   0x00000048   Code   RO         2387    i.rt_put_dly        RTX_CM3.lib(rt_list.o)
    0x00003ecc   0x00003ecc   0x00000036   Code   RO         2388    i.rt_put_prio       RTX_CM3.lib(rt_list.o)
    0x00003f02   0x00003f02   0x00000002   PAD
    0x00003f04   0x00003f04   0x00000014   Code   RO         2389    i.rt_put_rdy_first  RTX_CM3.lib(rt_list.o)
    0x00003f18   0x00003f18   0x00000034   Code   RO         2390    i.rt_resort_prio    RTX_CM3.lib(rt_list.o)
    0x00003f4c   0x00003f4c   0x00000006   Code   RO         2640    i.rt_ret_val        RTX_CM3.lib(hal_cm.o)
    0x00003f52   0x00003f52   0x00000008   Code   RO         2641    i.rt_ret_val2       RTX_CM3.lib(hal_cm.o)
    0x00003f5a   0x00003f5a   0x00000028   Code   RO         2391    i.rt_rmv_dly        RTX_CM3.lib(rt_list.o)
    0x00003f82   0x00003f82   0x00000002   PAD
    0x00003f84   0x00003f84   0x00000030   Code   RO         2392    i.rt_rmv_list       RTX_CM3.lib(rt_list.o)
    0x00003fb4   0x00003fb4   0x00000034   Code   RO         2510    i.rt_sem_psh        RTX_CM3.lib(rt_semaphore.o)
    0x00003fe8   0x00003fe8   0x00000024   Code   RO         2258    i.rt_stk_check      RTX_CM3.lib(rt_system.o)
    0x0000400c   0x0000400c   0x00000028   Code   RO         2135    i.rt_switch_req     RTX_CM3.lib(rt_task.o)
    0x00004034   0x00004034   0x000000cc   Code   RO         2136    i.rt_sys_init       RTX_CM3.lib(rt_task.o)
    0x00004100   0x00004100   0x00000078   Code   RO         2137    i.rt_sys_start      RTX_CM3.lib(rt_task.o)
    0x00004178   0x00004178   0x00000040   Code   RO         2260    i.rt_systick        RTX_CM3.lib(rt_system.o)
    0x000041b8   0x000041b8   0x00000012   Code   RO         1562    i.rt_tid2ptcb       RTX_CM3.lib(rt_cmsis.o)
    0x000041ca   0x000041ca   0x00000002   PAD
    0x000041cc   0x000041cc   0x00000034   Code   RO         1563    i.rt_timer_insert   RTX_CM3.lib(rt_cmsis.o)
    0x00004200   0x00004200   0x0000003c   Code   RO         1564    i.rt_timer_remove   RTX_CM3.lib(rt_cmsis.o)
    0x0000423c   0x0000423c   0x00000088   Code   RO         2138    i.rt_tsk_create     RTX_CM3.lib(rt_task.o)
    0x000042c4   0x000042c4   0x0000017c   Code   RO         2139    i.rt_tsk_delete     RTX_CM3.lib(rt_task.o)
    0x00004440   0x00004440   0x0000007c   Code   RO         2141    i.rt_tsk_prio       RTX_CM3.lib(rt_task.o)
    0x000044bc   0x000044bc   0x00000010   Code   RO         2142    i.rt_tsk_self       RTX_CM3.lib(rt_task.o)
    0x000044cc   0x000044cc   0x00000020   Code   RO          166    i.spi_tran          glcd_spi_lpc1700.o
    0x000044ec   0x000044ec   0x00000080   Code   RO          167    i.spi_tran_man      glcd_spi_lpc1700.o
    0x0000456c   0x0000456c   0x00000012   Code   RO         1565    i.svcDelay          RTX_CM3.lib(rt_cmsis.o)
    0x0000457e   0x0000457e   0x00000002   PAD
    0x00004580   0x00004580   0x00000070   Code   RO         1566    i.svcKernelInitialize  RTX_CM3.lib(rt_cmsis.o)
    0x000045f0   0x000045f0   0x00000048   Code   RO         1568    i.svcKernelStart    RTX_CM3.lib(rt_cmsis.o)
    0x00004638   0x00004638   0x00000024   Code   RO         1571    i.svcMessageCreate  RTX_CM3.lib(rt_cmsis.o)
    0x0000465c   0x0000465c   0x0000003a   Code   RO         1572    i.svcMessageGet     RTX_CM3.lib(rt_cmsis.o)
    0x00004696   0x00004696   0x00000024   Code   RO         1584    i.svcSignalSet      RTX_CM3.lib(rt_cmsis.o)
    0x000046ba   0x000046ba   0x00000002   PAD
    0x000046bc   0x000046bc   0x00000054   Code   RO         1585    i.svcSignalWait     RTX_CM3.lib(rt_cmsis.o)
    0x00004710   0x00004710   0x0000006c   Code   RO         1586    i.svcThreadCreate   RTX_CM3.lib(rt_cmsis.o)
    0x0000477c   0x0000477c   0x0000001c   Code   RO         1587    i.svcThreadGetId    RTX_CM3.lib(rt_cmsis.o)
    0x00004798   0x00004798   0x00000038   Code   RO         1590    i.svcThreadTerminate  RTX_CM3.lib(rt_cmsis.o)
    0x000047d0   0x000047d0   0x00000018   Code   RO         1592    i.svcTimerCall      RTX_CM3.lib(rt_cmsis.o)
    0x000047e8   0x000047e8   0x00000038   Code   RO         1593    i.svcTimerCreate    RTX_CM3.lib(rt_cmsis.o)
    0x00004820   0x00004820   0x00000064   Code   RO         1595    i.svcTimerStart     RTX_CM3.lib(rt_cmsis.o)
    0x00004884   0x00004884   0x0000005c   Code   RO         1601    i.sysTimerTick      RTX_CM3.lib(rt_cmsis.o)
    0x000048e0   0x000048e0   0x000000e4   Code   RO          567    i.usbd_main         usbdmain.o
    0x000049c4   0x000049c4   0x00000028   Code   RO          168    i.wr_cmd            glcd_spi_lpc1700.o
    0x000049ec   0x000049ec   0x00000028   Code   RO          169    i.wr_dat            glcd_spi_lpc1700.o
    0x00004a14   0x00004a14   0x00000012   Code   RO          170    i.wr_dat_only       glcd_spi_lpc1700.o
    0x00004a26   0x00004a26   0x00000002   PAD
    0x00004a28   0x00004a28   0x00000014   Code   RO          171    i.wr_dat_start      glcd_spi_lpc1700.o
    0x00004a3c   0x00004a3c   0x0000000c   Code   RO          172    i.wr_dat_stop       glcd_spi_lpc1700.o
    0x00004a48   0x00004a48   0x00000014   Code   RO          173    i.wr_reg            glcd_spi_lpc1700.o
    0x00004a5c   0x00004a5c   0x0005a8bc   Data   RO           84    .constdata          thread.o
    0x0005f318   0x0005f318   0x00001880   Data   RO          174    .constdata          glcd_spi_lpc1700.o
    0x00060b98   0x00060b98   0x000000e4   Data   RO          550    .constdata          usbdesc.o
    0x00060c7c   0x00060c7c   0x00000010   Data   RO          661    .constdata          usbhw.o
    0x00060c8c   0x00060c8c   0x00000040   Data   RO          865    .constdata          usbuser.o
    0x00060ccc   0x00060ccc   0x00000020   Data   RO         1042    .constdata          led.o
    0x00060cec   0x00060cec   0x00000068   Data   RO         1211    .constdata          rtx_conf_cm.o
    0x00060d54   0x00060d54   0x00000030   Data   RO         2927    Region$$Table       anon$$obj.o


    Execution Region RW_IRAM1 (Exec base: 0x10000000, Load base: 0x00060d84, Size: 0x00001140, Max: 0x00008000, ABSOLUTE)

    Exec Addr    Load Addr    Size         Type   Attr      Idx    E Section Name        Object

    0x10000000        -       0x00001140   Zero   RW         1210    .bss                rtx_conf_cm.o


    Execution Region RW_IRAM2 (Exec base: 0x2007c000, Load base: 0x00060d84, Size: 0x00000728, Max: 0x00008000, ABSOLUTE)

    Exec Addr    Load Addr    Size         Type   Attr      Idx    E Section Name        Object

    0x2007c000   0x00060d84   0x00000020   Data   RW           85    .data               thread.o
    0x2007c020   0x00060da4   0x00000005   Data   RW          175    .data               glcd_spi_lpc1700.o
    0x2007c025   0x00060da9   0x00000001   PAD
    0x2007c026   0x00060daa   0x00000002   Data   RW          383    .data               adcuser.o
    0x2007c028   0x00060dac   0x00000028   Data   RW          453    .data               usbcore.o
    0x2007c050   0x00060dd4   0x00000020   Data   RW          568    .data               usbdmain.o
    0x2007c070   0x00060df4   0x00000008   Data   RW          662    .data               usbhw.o
    0x2007c078   0x00060dfc   0x00000010   Data   RW          996    .data               minesweeper3.o
    0x2007c088   0x00060e0c   0x00000003   Data   RW         1091    .data               adc_mcb1700.o
    0x2007c08b   0x00060e0f   0x00000001   PAD
    0x2007c08c   0x00060e10   0x00000014   Data   RW         1212    .data               rtx_conf_cm.o
    0x2007c0a0   0x00060e24   0x00000008   Data   RW         1287    .data               gpdma_lpc17xx.o
    0x2007c0a8   0x00060e2c   0x00000004   Data   RW         1476    .data               system_lpc17xx.o
    0x2007c0ac   0x00060e30   0x00000008   Data   RW         1604    .data               RTX_CM3.lib(rt_cmsis.o)
    0x2007c0b4   0x00060e38   0x00000008   Data   RW         2144    .data               RTX_CM3.lib(rt_task.o)
    0x2007c0bc   0x00060e40   0x00000008   Data   RW         2263    .data               RTX_CM3.lib(rt_system.o)
    0x2007c0c4   0x00060e48   0x00000004   Data   RW         2553    .data               RTX_CM3.lib(rt_time.o)
    0x2007c0c8   0x00060e4c   0x00000001   Data   RW         2642    .data               RTX_CM3.lib(hal_cm.o)
    0x2007c0c9   0x00060e4d   0x00000003   PAD
    0x2007c0cc        -       0x00000018   Zero   RW           83    .bss                thread.o
    0x2007c0e4        -       0x00000040   Zero   RW          452    .bss                usbcore.o
    0x2007c124        -       0x00000080   Zero   RW          660    .bss                usbhw.o
    0x2007c1a4        -       0x000000a0   Zero   RW         1286    .bss                gpdma_lpc17xx.o
    0x2007c244        -       0x00000034   Zero   RW         2143    .bss                RTX_CM3.lib(rt_task.o)
    0x2007c278        -       0x00000030   Zero   RW         2393    .bss                RTX_CM3.lib(rt_list.o)
    0x2007c2a8        -       0x00000060   Zero   RW         2721    .bss                c_w.l(libspace.o)
    0x2007c308        -       0x00000000   Zero   RW         1462    HEAP                startup_lpc17xx.o
    0x2007c308        -       0x00000200   Zero   RW         1461    STACK               startup_lpc17xx.o
    0x2007c508        -       0x00000220   Zero   RW          663    USB_RAM             usbhw.o


==============================================================================

Image component sizes


      Code (inc. data)   RO Data    RW Data    ZI Data      Debug   Object Name

        40         12          0          3          0       2455   adc_mcb1700.o
       248         32          0          2          0       6862   adcuser.o
      2674         94       6272          5          0      13879   glcd_spi_lpc1700.o
       416         16          0          8        160       6797   gpdma_lpc17xx.o
        96         22          0          0          0       1194   kbd.o
        96         16         32          0          0       1392   led.o
        52          0          0          0          0      25901   main.o
       852        108          0         16          0       4350   minesweeper3.o
       130         26        104         20       4416      10102   rtx_conf_cm.o
        64         26        204          0        512        956   startup_lpc17xx.o
       744         34          0          4          0       1351   system_lpc17xx.o
      1348        374     370876         32         24       5846   thread.o
      2374        236          0         40         64      11007   usbcore.o
         0          0        228          0          0        641   usbdesc.o
       624         88          0         32          0      29425   usbdmain.o
      2092        230         16          8        672      40563   usbhw.o
       194         20         64          0          0       1909   usbuser.o

    ----------------------------------------------------------------------
     12058       1334     377844        172       5848     164630   Object Totals
         0          0         48          0          0          0   (incl. Generated)
        14          0          0          2          0          0   (incl. Padding)

    ----------------------------------------------------------------------

      Code (inc. data)   RO Data    RW Data    ZI Data      Debug   Library Member Name

       238         24          0          1          0       3244   hal_cm.o
       304         36          0          0          0        756   hal_cm3.o
      1640        186          0          8          0      40042   rt_cmsis.o
       272         18          0          0          0       2606   rt_event.o
       530         34          0          0         48       8157   rt_list.o
       554         10          0          0          0       3889   rt_mailbox.o
       140          0          0          0          0       1889   rt_membox.o
       128          0          0          0          0       2267   rt_memory.o
       336         14          0          0          0       1623   rt_mutex.o
        52          4          0          0          0        565   rt_semaphore.o
       298         52          0          8          0       6139   rt_system.o
      1216        174          0          8         52       9537   rt_task.o
         6          0          0          4          0        636   rt_time.o
         4          4          0          0          0        196   svc_table.o
         8          0          0          0          0         68   __main.o
       104          0          0          0          0         84   __printf.o
         0          0          0          0          0          0   __rtentry.o
        20          0          0          0          0          0   __rtentry2.o
         6          0          0          0          0          0   __rtentry4.o
        52          8          0          0          0          0   __scatter.o
        26          0          0          0          0          0   __scatter_copy.o
        28          0          0          0          0          0   __scatter_zi.o
        48          6          0          0          0         96   _printf_char_common.o
         6          0          0          0          0          0   _printf_d.o
       120         16          0          0          0         92   _printf_dec.o
       178          0          0          0          0         88   _printf_intcommon.o
         0          0          0          0          0          0   _printf_percent.o
         4          0          0          0          0          0   _printf_percent_end.o
        10          0          0          0          0         68   _sputc.o
        18          0          0          0          0         80   exit.o
         6          0          0          0          0        152   heapauxi.o
         0          0          0          0          0          0   indicate_semi.o
         2          0          0          0          0          0   libinit.o
         2          0          0          0          0          0   libinit2.o
         2          0          0          0          0          0   libshutdown.o
         2          0          0          0          0          0   libshutdown2.o
         8          4          0          0         96         68   libspace.o
       238          0          0          0          0        100   lludivv7m.o
        40          6          0          0          0         84   noretval__2sprintf.o
         2          0          0          0          0          0   rtexit.o
        10          0          0          0          0          0   rtexit2.o
        12          4          0          0          0         68   sys_exit.o
        74          0          0          0          0         80   sys_stackheap_outer.o
         2          0          0          0          0         68   use_no_semi.o

    ----------------------------------------------------------------------
      6774        600          0         32        196      82742   Library Totals
        28          0          0          3          0          0   (incl. Padding)

    ----------------------------------------------------------------------

      Code (inc. data)   RO Data    RW Data    ZI Data      Debug   Library Name

      5718        556          0         29        100      81546   RTX_CM3.lib
      1028         44          0          0         96       1196   c_w.l

    ----------------------------------------------------------------------
      6774        600          0         32        196      82742   Library Totals

    ----------------------------------------------------------------------

==============================================================================


      Code (inc. data)   RO Data    RW Data    ZI Data      Debug   

     18832       1934     377844        204       6044     237748   Grand Totals
     18832       1934     377844        204       6044     237748   ELF Image Totals
     18832       1934     377844        204          0          0   ROM Totals

==============================================================================

    Total RO  Size (Code + RO Data)               396676 ( 387.38kB)
    Total RW  Size (RW Data + ZI Data)              6248 (   6.10kB)
    Total ROM Size (Code + RO Data + RW Data)     396880 ( 387.58kB)

==============================================================================

